Archive member included to satisfy reference by file (symbol)

/Applications/STM32CubeIDE.app/Contents/Eclipse/plugins/com.st.stm32cube.ide.mcu.externaltools.gnu-tools-for-stm32.13.3.rel1.macos64_1.0.0.202411102158/tools/bin/../lib/gcc/arm-none-eabi/13.3.1/../../../../arm-none-eabi/lib/thumb/v7e-m+fp/hard/libc_nano.a(libc_a-exit.o)
                              /Applications/STM32CubeIDE.app/Contents/Eclipse/plugins/com.st.stm32cube.ide.mcu.externaltools.gnu-tools-for-stm32.13.3.rel1.macos64_1.0.0.202411102158/tools/bin/../lib/gcc/arm-none-eabi/13.3.1/../../../../arm-none-eabi/lib/thumb/v7e-m+fp/hard/crt0.o (exit)
/Applications/STM32CubeIDE.app/Contents/Eclipse/plugins/com.st.stm32cube.ide.mcu.externaltools.gnu-tools-for-stm32.13.3.rel1.macos64_1.0.0.202411102158/tools/bin/../lib/gcc/arm-none-eabi/13.3.1/../../../../arm-none-eabi/lib/thumb/v7e-m+fp/hard/libc_nano.a(libc_a-findfp.o)
                              ./Middlewares/Third_Party/FreeRTOS/Source/tasks.o (__sf)
/Applications/STM32CubeIDE.app/Contents/Eclipse/plugins/com.st.stm32cube.ide.mcu.externaltools.gnu-tools-for-stm32.13.3.rel1.macos64_1.0.0.202411102158/tools/bin/../lib/gcc/arm-none-eabi/13.3.1/../../../../arm-none-eabi/lib/thumb/v7e-m+fp/hard/libc_nano.a(libc_a-vsnprintf.o)
                              ./Core/Src/freertos.o (vsnprintf)
/Applications/STM32CubeIDE.app/Contents/Eclipse/plugins/com.st.stm32cube.ide.mcu.externaltools.gnu-tools-for-stm32.13.3.rel1.macos64_1.0.0.202411102158/tools/bin/../lib/gcc/arm-none-eabi/13.3.1/../../../../arm-none-eabi/lib/thumb/v7e-m+fp/hard/libc_nano.a(libc_a-fwalk.o)
                              /Applications/STM32CubeIDE.app/Contents/Eclipse/plugins/com.st.stm32cube.ide.mcu.externaltools.gnu-tools-for-stm32.13.3.rel1.macos64_1.0.0.202411102158/tools/bin/../lib/gcc/arm-none-eabi/13.3.1/../../../../arm-none-eabi/lib/thumb/v7e-m+fp/hard/libc_nano.a(libc_a-findfp.o) (_fwalk_sglue)
/Applications/STM32CubeIDE.app/Contents/Eclipse/plugins/com.st.stm32cube.ide.mcu.externaltools.gnu-tools-for-stm32.13.3.rel1.macos64_1.0.0.202411102158/tools/bin/../lib/gcc/arm-none-eabi/13.3.1/../../../../arm-none-eabi/lib/thumb/v7e-m+fp/hard/libc_nano.a(libc_a-memset.o)
                              /Applications/STM32CubeIDE.app/Contents/Eclipse/plugins/com.st.stm32cube.ide.mcu.externaltools.gnu-tools-for-stm32.13.3.rel1.macos64_1.0.0.202411102158/tools/bin/../lib/gcc/arm-none-eabi/13.3.1/../../../../arm-none-eabi/lib/thumb/v7e-m+fp/hard/crt0.o (memset)
/Applications/STM32CubeIDE.app/Contents/Eclipse/plugins/com.st.stm32cube.ide.mcu.externaltools.gnu-tools-for-stm32.13.3.rel1.macos64_1.0.0.202411102158/tools/bin/../lib/gcc/arm-none-eabi/13.3.1/../../../../arm-none-eabi/lib/thumb/v7e-m+fp/hard/libc_nano.a(libc_a-errno.o)
                              ./Core/Src/syscalls.o (__errno)
/Applications/STM32CubeIDE.app/Contents/Eclipse/plugins/com.st.stm32cube.ide.mcu.externaltools.gnu-tools-for-stm32.13.3.rel1.macos64_1.0.0.202411102158/tools/bin/../lib/gcc/arm-none-eabi/13.3.1/../../../../arm-none-eabi/lib/thumb/v7e-m+fp/hard/libc_nano.a(libc_a-init.o)
                              /Applications/STM32CubeIDE.app/Contents/Eclipse/plugins/com.st.stm32cube.ide.mcu.externaltools.gnu-tools-for-stm32.13.3.rel1.macos64_1.0.0.202411102158/tools/bin/../lib/gcc/arm-none-eabi/13.3.1/../../../../arm-none-eabi/lib/thumb/v7e-m+fp/hard/crt0.o (__libc_init_array)
/Applications/STM32CubeIDE.app/Contents/Eclipse/plugins/com.st.stm32cube.ide.mcu.externaltools.gnu-tools-for-stm32.13.3.rel1.macos64_1.0.0.202411102158/tools/bin/../lib/gcc/arm-none-eabi/13.3.1/../../../../arm-none-eabi/lib/thumb/v7e-m+fp/hard/libc_nano.a(libc_a-lock.o)
                              /Applications/STM32CubeIDE.app/Contents/Eclipse/plugins/com.st.stm32cube.ide.mcu.externaltools.gnu-tools-for-stm32.13.3.rel1.macos64_1.0.0.202411102158/tools/bin/../lib/gcc/arm-none-eabi/13.3.1/../../../../arm-none-eabi/lib/thumb/v7e-m+fp/hard/libc_nano.a(libc_a-findfp.o) (__retarget_lock_init_recursive)
/Applications/STM32CubeIDE.app/Contents/Eclipse/plugins/com.st.stm32cube.ide.mcu.externaltools.gnu-tools-for-stm32.13.3.rel1.macos64_1.0.0.202411102158/tools/bin/../lib/gcc/arm-none-eabi/13.3.1/../../../../arm-none-eabi/lib/thumb/v7e-m+fp/hard/libc_nano.a(libc_a-reent.o)
                              ./Middlewares/Third_Party/FreeRTOS/Source/tasks.o (_reclaim_reent)
/Applications/STM32CubeIDE.app/Contents/Eclipse/plugins/com.st.stm32cube.ide.mcu.externaltools.gnu-tools-for-stm32.13.3.rel1.macos64_1.0.0.202411102158/tools/bin/../lib/gcc/arm-none-eabi/13.3.1/../../../../arm-none-eabi/lib/thumb/v7e-m+fp/hard/libc_nano.a(libc_a-impure.o)
                              ./Middlewares/Third_Party/FreeRTOS/Source/tasks.o (_impure_ptr)
[...]
Memory Configuration

Name             Origin             Length             Attributes
RAM              0x20000000         0x000a0000         xrw
RAM2             0x10000000         0x00010000         xrw
RAM3             0x20040000         0x00060000         xrw
FLASH            0x08000000         0x00200000         xr
*default*        0x00000000         0xffffffff

Linker script and memory map

LOAD /Applications/STM32CubeIDE.app/Contents/Eclipse/plugins/com.st.stm32cube.ide.mcu.externaltools.gnu-tools-for-stm32.13.3.rel1.macos64_1.0.0.202411102158/tools/bin/../lib/gcc/arm-none-eabi/13.3.1/thumb/v7e-m+fp/hard/crti.o
LOAD /Applications/STM32CubeIDE.app/Contents/Eclipse/plugins/com.st.stm32cube.ide.mcu.externaltools.gnu-tools-for-stm32.13.3.rel1.macos64_1.0.0.202411102158/tools/bin/../lib/gcc/arm-none-eabi/13.3.1/thumb/v7e-m+fp/hard/crtbegin.o
LOAD /Applications/STM32CubeIDE.app/Contents/Eclipse/plugins/com.st.stm32cube.ide.mcu.externaltools.gnu-tools-for-stm32.13.3.rel1.macos64_1.0.0.202411102158/tools/bin/../lib/gcc/arm-none-eabi/13.3.1/../../../../arm-none-eabi/lib/thumb/v7e-m+fp/hard/crt0.o
LOAD ./Core/Src/dac.o
LOAD ./Core/Src/dfsdm.o
LOAD ./Core/Src/dma.o
LOAD ./Core/Src/freertos.o
LOAD ./Core/Src/gpio.o
LOAD ./Core/Src/i2c.o
LOAD ./Core/Src/main.o
LOAD ./Core/Src/octospi.o
LOAD ./Core/Src/rtc.o
LOAD ./Core/Src/stm32l4s5i_iot01.o
LOAD ./Core/Src/stm32l4s5i_iot01_accelero.o
LOAD ./Core/Src/stm32l4s5i_iot01_qspi.o
LOAD ./Core/Src/stm32l4xx_hal_msp.o
LOAD ./Core/Src/stm32l4xx_hal_timebase_tim.o
LOAD ./Core/Src/stm32l4xx_it.o
LOAD ./Core/Src/syscalls.o
LOAD ./Core/Src/sysmem.o
LOAD ./Core/Src/system_stm32l4xx.o
LOAD ./Core/Src/tim.o
LOAD ./Core/Src/usart.o
LOAD ./Core/Startup/startup_stm32l4s5vitx.o
LOAD ./Drivers/Components/cs42l51/cs42l51.o
LOAD ./Drivers/Components/cs43l22/cs43l22.o
LOAD ./Drivers/Components/cy8c4014lqi/cy8c4014lqi.o
LOAD ./Drivers/Components/ft3x67/ft3x67.o
LOAD ./Drivers/Components/ft5336/ft5336.o
LOAD ./Drivers/Components/ft6x06/ft6x06.o
LOAD ./Drivers/Components/hts221/hts221.o
LOAD ./Drivers/Components/hx8347g/hx8347g.o
LOAD ./Drivers/Components/hx8347i/hx8347i.o
LOAD ./Drivers/Components/l3gd20/l3gd20.o
LOAD ./Drivers/Components/lis3mdl/lis3mdl.o
LOAD ./Drivers/Components/lps22hb/lps22hb.o
LOAD ./Drivers/Components/ls016b8uy/ls016b8uy.o
LOAD ./Drivers/Components/lsm303c/lsm303c.o
LOAD ./Drivers/Components/lsm303dlhc/lsm303dlhc.o
LOAD ./Drivers/Components/lsm6dsl/lsm6dsl.o
LOAD ./Drivers/Components/m24sr/m24sr.o
LOAD ./Drivers/Components/mfxstm32l152/mfxstm32l152.o
LOAD ./Drivers/Components/ov9655/ov9655.o
LOAD ./Drivers/Components/st25dv/st25dv.o
LOAD ./Drivers/Components/st25dv/st25dv_reg.o
LOAD ./Drivers/Components/st7735/st7735.o
LOAD ./Drivers/Components/st7789h2/st7789h2.o
LOAD ./Drivers/Components/stmpe1600/stmpe1600.o
LOAD ./Drivers/Components/stmpe811/stmpe811.o
LOAD ./Drivers/Components/wm8994/wm8994.o
LOAD ./Drivers/STM32L4xx_HAL_Driver/Src/stm32l4xx_hal.o
LOAD ./Drivers/STM32L4xx_HAL_Driver/Src/stm32l4xx_hal_cortex.o
LOAD ./Drivers/STM32L4xx_HAL_Driver/Src/stm32l4xx_hal_dac.o
LOAD ./Drivers/STM32L4xx_HAL_Driver/Src/stm32l4xx_hal_dac_ex.o
LOAD ./Drivers/STM32L4xx_HAL_Driver/Src/stm32l4xx_hal_dfsdm.o
LOAD ./Drivers/STM32L4xx_HAL_Driver/Src/stm32l4xx_hal_dfsdm_ex.o
LOAD ./Drivers/STM32L4xx_HAL_Driver/Src/stm32l4xx_hal_dma.o
LOAD ./Drivers/STM32L4xx_HAL_Driver/Src/stm32l4xx_hal_dma_ex.o
LOAD ./Drivers/STM32L4xx_HAL_Driver/Src/stm32l4xx_hal_exti.o
LOAD ./Drivers/STM32L4xx_HAL_Driver/Src/stm32l4xx_hal_flash.o
LOAD ./Drivers/STM32L4xx_HAL_Driver/Src/stm32l4xx_hal_flash_ex.o
LOAD ./Drivers/STM32L4xx_HAL_Driver/Src/stm32l4xx_hal_flash_ramfunc.o
LOAD ./Drivers/STM32L4xx_HAL_Driver/Src/stm32l4xx_hal_gpio.o
LOAD ./Drivers/STM32L4xx_HAL_Driver/Src/stm32l4xx_hal_i2c.o
LOAD ./Drivers/STM32L4xx_HAL_Driver/Src/stm32l4xx_hal_i2c_ex.o
LOAD ./Drivers/STM32L4xx_HAL_Driver/Src/stm32l4xx_hal_ospi.o
LOAD ./Drivers/STM32L4xx_HAL_Driver/Src/stm32l4xx_hal_pwr.o
LOAD ./Drivers/STM32L4xx_HAL_Driver/Src/stm32l4xx_hal_pwr_ex.o
LOAD ./Drivers/STM32L4xx_HAL_Driver/Src/stm32l4xx_hal_rcc.o
LOAD ./Drivers/STM32L4xx_HAL_Driver/Src/stm32l4xx_hal_rcc_ex.o
LOAD ./Drivers/STM32L4xx_HAL_Driver/Src/stm32l4xx_hal_rtc.o
LOAD ./Drivers/STM32L4xx_HAL_Driver/Src/stm32l4xx_hal_rtc_ex.o
LOAD ./Drivers/STM32L4xx_HAL_Driver/Src/stm32l4xx_hal_tim.o
LOAD ./Drivers/STM32L4xx_HAL_Driver/Src/stm32l4xx_hal_tim_ex.o
LOAD ./Drivers/STM32L4xx_HAL_Driver/Src/stm32l4xx_hal_uart.o
LOAD ./Drivers/STM32L4xx_HAL_Driver/Src/stm32l4xx_hal_uart_ex.o
LOAD ./Middlewares/Third_Party/FreeRTOS/Source/CMSIS_RTOS/cmsis_os.o
LOAD ./Middlewares/Third_Party/FreeRTOS/Source/croutine.o
LOAD ./Middlewares/Third_Party/FreeRTOS/Source/event_groups.o
LOAD ./Middlewares/Third_Party/FreeRTOS/Source/list.o
LOAD ./Middlewares/Third_Party/FreeRTOS/Source/queue.o
LOAD ./Middlewares/Third_Party/FreeRTOS/Source/stream_buffer.o
LOAD ./Middlewares/Third_Party/FreeRTOS/Source/tasks.o
LOAD ./Middlewares/Third_Party/FreeRTOS/Source/timers.o
LOAD ./Middlewares/Third_Party/FreeRTOS/Source/portable/GCC/ARM_CM4F/port.o
LOAD ./Middlewares/Third_Party/FreeRTOS/Source/portable/MemMang/heap_4.o
LOAD ../Core/Lib/libarm_cortexM4lf_math.a
START GROUP
LOAD /Applications/STM32CubeIDE.app/Contents/Eclipse/plugins/com.st.stm32cube.ide.mcu.externaltools.gnu-tools-for-stm32.13.3.rel1.macos64_1.0.0.202411102158/tools/bin/../lib/gcc/arm-none-eabi/13.3.1/../../../../arm-none-eabi/lib/thumb/v7e-m+fp/hard/libc_nano.a
LOAD /Applications/STM32CubeIDE.app/Contents/Eclipse/plugins/com.st.stm32cube.ide.mcu.externaltools.gnu-tools-for-stm32.13.3.rel1.macos64_1.0.0.202411102158/tools/bin/../lib/gcc/arm-none-eabi/13.3.1/../../../../arm-none-eabi/lib/thumb/v7e-m+fp/hard/libm.a
END GROUP
START GROUP
LOAD /Applications/STM32CubeIDE.app/Contents/Eclipse/plugins/com.st.stm32cube.ide.mcu.externaltools.gnu-tools-for-stm32.13.3.rel1.macos64_1.0.0.202411102158/tools/bin/../lib/gcc/arm-none-eabi/13.3.1/thumb/v7e-m+fp/hard/libgcc.a
LOAD /Applications/STM32CubeIDE.app/Contents/Eclipse/plugins/com.st.stm32cube.ide.mcu.externaltools.gnu-tools-for-stm32.13.3.rel1.macos64_1.0.0.202411102158/tools/bin/../lib/gcc/arm-none-eabi/13.3.1/../../../../arm-none-eabi/lib/thumb/v7e-m+fp/hard/libc_nano.a
END GROUP
START GROUP
LOAD /Applications/STM32CubeIDE.app/Contents/Eclipse/plugins/com.st.stm32cube.ide.mcu.externaltools.gnu-tools-for-stm32.13.3.rel1.macos64_1.0.0.202411102158/tools/bin/../lib/gcc/arm-none-eabi/13.3.1/thumb/v7e-m+fp/hard/libgcc.a
LOAD /Applications/STM32CubeIDE.app/Contents/Eclipse/plugins/com.st.stm32cube.ide.mcu.externaltools.gnu-tools-for-stm32.13.3.rel1.macos64_1.0.0.202411102158/tools/bin/../lib/gcc/arm-none-eabi/13.3.1/../../../../arm-none-eabi/lib/thumb/v7e-m+fp/hard/libc_nano.a
LOAD /Applications/STM32CubeIDE.app/Contents/Eclipse/plugins/com.st.stm32cube.ide.mcu.externaltools.gnu-tools-for-stm32.13.3.rel1.macos64_1.0.0.202411102158/tools/bin/../lib/gcc/arm-none-eabi/13.3.1/../../../../arm-none-eabi/lib/thumb/v7e-m+fp/hard/libnosys.a
END GROUP
START GROUP
LOAD /Applications/STM32CubeIDE.app/Contents/Eclipse/plugins/com.st.stm32cube.ide.mcu.externaltools.gnu-tools-for-stm32.13.3.rel1.macos64_1.0.0.202411102158/tools/bin/../lib/gcc/arm-none-eabi/13.3.1/thumb/v7e-m+fp/hard/libgcc.a
LOAD /Applications/STM32CubeIDE.app/Contents/Eclipse/plugins/com.st.stm32cube.ide.mcu.externaltools.gnu-tools-for-stm32.13.3.rel1.macos64_1.0.0.202411102158/tools/bin/../lib/gcc/arm-none-eabi/13.3.1/../../../../arm-none-eabi/lib/thumb/v7e-m+fp/hard/libc_nano.a
LOAD /Applications/STM32CubeIDE.app/Contents/Eclipse/plugins/com.st.stm32cube.ide.mcu.externaltools.gnu-tools-for-stm32.13.3.rel1.macos64_1.0.0.202411102158/tools/bin/../lib/gcc/arm-none-eabi/13.3.1/../../../../arm-none-eabi/lib/thumb/v7e-m+fp/hard/libnosys.a
END GROUP
LOAD /Applications/STM32CubeIDE.app/Contents/Eclipse/plugins/com.st.stm32cube.ide.mcu.externaltools.gnu-tools-for-stm32.13.3.rel1.macos64_1.0.0.202411102158/tools/bin/../lib/gcc/arm-none-eabi/13.3.1/thumb/v7e-m+fp/hard/crtend.o
LOAD /Applications/STM32CubeIDE.app/Contents/Eclipse/plugins/com.st.stm32cube.ide.mcu.externaltools.gnu-tools-for-stm32.13.3.rel1.macos64_1.0.0.202411102158/tools/bin/../lib/gcc/arm-none-eabi/13.3.1/thumb/v7e-m+fp/hard/crtn.o
                0x200a0000                        _estack = (ORIGIN (RAM) + LENGTH (RAM))
                0x00000200                        _Min_Heap_Size = 0x200
                0x00000400                        _Min_Stack_Size = 0x400

.isr_vector     0x08000000      0x1bc
                0x08000000                        . = ALIGN (0x4)
 *(.isr_vector)
 .isr_vector    0x08000000      0x1bc ./Core/Startup/startup_stm32l4s5vitx.o
                0x08000000                g_pfnVectors
                0x080001bc                        . = ALIGN (0x4)

.text           0x080001c0     0xcf80
                0x080001c0                        . = ALIGN (0x4)
 *(.text)
 .text          0x080001c0       0x40 /Applications/STM32CubeIDE.app/Contents/Eclipse/plugins/com.st.stm32cube.ide.mcu.externaltools.gnu-tools-for-stm32.13.3.rel1.macos64_1.0.0.202411102158/tools/bin/../lib/gcc/arm-none-eabi/13.3.1/thumb/v7e-m+fp/hard/crtbegin.o
 .text          0x08000200       0xa0 /Applications/STM32CubeIDE.app/Contents/Eclipse/plugins/com.st.stm32cube.ide.mcu.externaltools.gnu-tools-for-stm32.13.3.rel1.macos64_1.0.0.202411102158/tools/bin/../lib/gcc/arm-none-eabi/13.3.1/../../../../arm-none-eabi/lib/thumb/v7e-m+fp/hard/libc_nano.a(libc_a-memchr.o)
                0x08000200                memchr
 .text          0x080002a0       0x30 /Applications/STM32CubeIDE.app/Contents/Eclipse/plugins/com.st.stm32cube.ide.mcu.externaltools.gnu-tools-for-stm32.13.3.rel1.macos64_1.0.0.202411102158/tools/bin/../lib/gcc/arm-none-eabi/13.3.1/thumb/v7e-m+fp/hard/libgcc.a(_aeabi_uldivmod.o)
                0x080002a0                __aeabi_uldivmod
 .text          0x080002d0      0x2f8 /Applications/STM32CubeIDE.app/Contents/Eclipse/plugins/com.st.stm32cube.ide.mcu.externaltools.gnu-tools-for-stm32.13.3.rel1.macos64_1.0.0.202411102158/tools/bin/../lib/gcc/arm-none-eabi/13.3.1/thumb/v7e-m+fp/hard/libgcc.a(_udivmoddi4.o)
                0x080002d0                __udivmoddi4
 .text          0x080005c8        0x4 /Applications/STM32CubeIDE.app/Contents/Eclipse/plugins/com.st.stm32cube.ide.mcu.externaltools.gnu-tools-for-stm32.13.3.rel1.macos64_1.0.0.202411102158/tools/bin/../lib/gcc/arm-none-eabi/13.3.1/thumb/v7e-m+fp/hard/libgcc.a(_dvmd_tls.o)
                0x080005c8                __aeabi_ldiv0
                0x080005c8                __aeabi_idiv0
 *(.text*)
 .text.MX_DAC1_Init
                0x080005cc       0x68 ./Core/Src/dac.o
                0x080005cc                MX_DAC1_Init
 .text.HAL_DAC_MspInit
                0x08000634       0xec ./Core/Src/dac.o
                0x08000634                HAL_DAC_MspInit
 .text.MX_DFSDM1_Init
                0x08000720       0xcc ./Core/Src/dfsdm.o
                0x08000720                MX_DFSDM1_Init
 .text.HAL_DFSDM_FilterMspInit
                0x080007ec      0x158 ./Core/Src/dfsdm.o
                0x080007ec                HAL_DFSDM_FilterMspInit
 .text.HAL_DFSDM_ChannelMspInit
                0x08000944       0xe0 ./Core/Src/dfsdm.o
                0x08000944                HAL_DFSDM_ChannelMspInit
 .text.MX_DMA_Init
                0x08000a24       0x64 ./Core/Src/dma.o
                0x08000a24                MX_DMA_Init
 .text.vApplicationGetIdleTaskMemory
                0x08000a88       0x34 ./Core/Src/freertos.o
                0x08000a88                vApplicationGetIdleTaskMemory
 .text.MX_FREERTOS_Init
                0x08000abc      0x104 ./Core/Src/freertos.o
                0x08000abc                MX_FREERTOS_Init
 .text.AudioProcessingTask
                0x08000bc0       0xe8 ./Core/Src/freertos.o
                0x08000bc0                AudioProcessingTask
 .text.AlarmTask
                0x08000ca8       0x80 ./Core/Src/freertos.o
                0x08000ca8                AlarmTask
 .text.MotionTask
                0x08000d28       0xd4 ./Core/Src/freertos.o
                0x08000d28                MotionTask
 .text.DispatchAlarmEvent
                0x08000dfc       0x50 ./Core/Src/freertos.o
 .text.AnalyzeAudioFrame
                0x08000e4c      0x138 ./Core/Src/freertos.o
 .text.InitAlarmWaveform
                0x08000f84       0x98 ./Core/Src/freertos.o
 .text.CalculateFrameEnergy
                0x0800101c       0x7c ./Core/Src/freertos.o
 .text.StartAlarmOutput
                0x08001098       0x80 ./Core/Src/freertos.o
 .text.DebugPrint
                0x08001118       0x6c ./Core/Src/freertos.o
 .text.HAL_DFSDM_FilterRegConvHalfCpltCallback
                0x08001184       0x8c ./Core/Src/freertos.o
                0x08001184                HAL_DFSDM_FilterRegConvHalfCpltCallback
 .text.HAL_DFSDM_FilterRegConvCpltCallback
                0x08001210       0x8c ./Core/Src/freertos.o
                0x08001210                HAL_DFSDM_FilterRegConvCpltCallback
 .text.vApplicationIdleHook
                0x0800129c       0x28 ./Core/Src/freertos.o
                0x0800129c                vApplicationIdleHook
 .text.MX_GPIO_Init
                0x080012c4      0x11c ./Core/Src/gpio.o
                0x080012c4                MX_GPIO_Init
 .text.MX_I2C2_Init
                0x080013e0       0x80 ./Core/Src/i2c.o
                0x080013e0                MX_I2C2_Init
 .text.HAL_I2C_MspInit
                0x08001460       0xdc ./Core/Src/i2c.o
                0x08001460                HAL_I2C_MspInit
 .text.HAL_I2C_MspDeInit
                0x0800153c       0x54 ./Core/Src/i2c.o
                0x0800153c                HAL_I2C_MspDeInit
 .text.main     0x08001590       0x3c ./Core/Src/main.o
                0x08001590                main
 .text.SystemClock_Config
                0x080015cc       0xa6 ./Core/Src/main.o
                0x080015cc                SystemClock_Config
 *fill*         0x08001672        0x2 
 .text.HAL_TIM_PeriodElapsedCallback
                0x08001674       0x24 ./Core/Src/main.o
                0x08001674                HAL_TIM_PeriodElapsedCallback
 .text.Error_Handler
                0x08001698        0xc ./Core/Src/main.o
                0x08001698                Error_Handler
 .text.MX_OCTOSPI1_Init
                0x080016a4       0xa0 ./Core/Src/octospi.o
                0x080016a4                MX_OCTOSPI1_Init
 .text.HAL_OSPI_MspInit
                0x08001744       0xd8 ./Core/Src/octospi.o
                0x08001744                HAL_OSPI_MspInit
 .text.MX_RTC_Init
                0x0800181c       0x64 ./Core/Src/rtc.o
                0x0800181c                MX_RTC_Init
 .text.HAL_RTC_MspInit
                0x08001880       0x64 ./Core/Src/rtc.o
                0x08001880                HAL_RTC_MspInit
 .text.I2Cx_MspInit
                0x080018e4       0xb0 ./Core/Src/stm32l4s5i_iot01.o
 .text.I2Cx_Init
                0x08001994       0x5c ./Core/Src/stm32l4s5i_iot01.o
 .text.I2Cx_ReadMultiple
                0x080019f0       0x5a ./Core/Src/stm32l4s5i_iot01.o
 .text.I2Cx_WriteMultiple
                0x08001a4a       0x5a ./Core/Src/stm32l4s5i_iot01.o
 .text.I2Cx_Error
                0x08001aa4       0x20 ./Core/Src/stm32l4s5i_iot01.o
 .text.SENSOR_IO_Init
                0x08001ac4       0x14 ./Core/Src/stm32l4s5i_iot01.o
                0x08001ac4                SENSOR_IO_Init
 .text.SENSOR_IO_Write
                0x08001ad8       0x34 ./Core/Src/stm32l4s5i_iot01.o
                0x08001ad8                SENSOR_IO_Write
 .text.SENSOR_IO_Read
                0x08001b0c       0x3c ./Core/Src/stm32l4s5i_iot01.o
                0x08001b0c                SENSOR_IO_Read
 .text.SENSOR_IO_ReadMultiple
                0x08001b48       0x3c ./Core/Src/stm32l4s5i_iot01.o
                0x08001b48                SENSOR_IO_ReadMultiple
 .text.BSP_ACCELERO_Init
                0x08001b84       0x80 ./Core/Src/stm32l4s5i_iot01_accelero.o
                0x08001b84                BSP_ACCELERO_Init
 .text.BSP_ACCELERO_LowPower
                0x08001c04       0x34 ./Core/Src/stm32l4s5i_iot01_accelero.o
                0x08001c04                BSP_ACCELERO_LowPower
 .text.BSP_ACCELERO_AccGetXYZ
                0x08001c38       0x30 ./Core/Src/stm32l4s5i_iot01_accelero.o
                0x08001c38                BSP_ACCELERO_AccGetXYZ
 .text.HAL_MspInit
                0x08001c68       0x50 ./Core/Src/stm32l4xx_hal_msp.o
                0x08001c68                HAL_MspInit
 .text.HAL_InitTick
                0x08001cb8       0xf4 ./Core/Src/stm32l4xx_hal_timebase_tim.o
                0x08001cb8                HAL_InitTick
 .text.HAL_SuspendTick
                0x08001dac       0x24 ./Core/Src/stm32l4xx_hal_timebase_tim.o
                0x08001dac                HAL_SuspendTick
 .text.HAL_ResumeTick
                0x08001dd0       0x24 ./Core/Src/stm32l4xx_hal_timebase_tim.o
                0x08001dd0                HAL_ResumeTick
 .text.NMI_Handler
                0x08001df4        0x8 ./Core/Src/stm32l4xx_it.o
                0x08001df4                NMI_Handler
 .text.HardFault_Handler
                0x08001dfc        0x8 ./Core/Src/stm32l4xx_it.o
                0x08001dfc                HardFault_Handler
 .text.MemManage_Handler
                0x08001e04        0x8 ./Core/Src/stm32l4xx_it.o
                0x08001e04                MemManage_Handler
 .text.BusFault_Handler
                0x08001e0c        0x8 ./Core/Src/stm32l4xx_it.o
                0x08001e0c                BusFault_Handler
 .text.UsageFault_Handler
                0x08001e14        0x8 ./Core/Src/stm32l4xx_it.o
                0x08001e14                UsageFault_Handler
 .text.DebugMon_Handler
                0x08001e1c        0xe ./Core/Src/stm32l4xx_it.o
                0x08001e1c                DebugMon_Handler
 *fill*         0x08001e2a        0x2 
 .text.DMA1_Channel2_IRQHandler
                0x08001e2c       0x14 ./Core/Src/stm32l4xx_it.o
                0x08001e2c                DMA1_Channel2_IRQHandler
 .text.DMA1_Channel3_IRQHandler
                0x08001e40       0x14 ./Core/Src/stm32l4xx_it.o
                0x08001e40                DMA1_Channel3_IRQHandler
 .text.TIM2_IRQHandler
                0x08001e54       0x14 ./Core/Src/stm32l4xx_it.o
                0x08001e54                TIM2_IRQHandler
 .text.I2C2_EV_IRQHandler
                0x08001e68       0x14 ./Core/Src/stm32l4xx_it.o
                0x08001e68                I2C2_EV_IRQHandler
 .text.I2C2_ER_IRQHandler
                0x08001e7c       0x14 ./Core/Src/stm32l4xx_it.o
                0x08001e7c                I2C2_ER_IRQHandler
 .text.TIM6_DAC_IRQHandler
                0x08001e90       0x2c ./Core/Src/stm32l4xx_it.o
                0x08001e90                TIM6_DAC_IRQHandler
 .text._sbrk    0x08001ebc       0x6c ./Core/Src/sysmem.o
                0x08001ebc                _sbrk
 .text.SystemInit
                0x08001f28       0x24 ./Core/Src/system_stm32l4xx.o
                0x08001f28                SystemInit
 .text.MX_TIM2_Init
                0x08001f4c       0x9c ./Core/Src/tim.o
                0x08001f4c                MX_TIM2_Init
 .text.HAL_TIM_Base_MspInit
                0x08001fe8       0x48 ./Core/Src/tim.o
                0x08001fe8                HAL_TIM_Base_MspInit
 .text.MX_USART1_UART_Init
                0x08002030       0x98 ./Core/Src/usart.o
                0x08002030                MX_USART1_UART_Init
 .text.HAL_UART_MspInit
                0x080020c8       0xbc ./Core/Src/usart.o
                0x080020c8                HAL_UART_MspInit
 .text.Reset_Handler
                0x08002184       0x50 ./Core/Startup/startup_stm32l4s5vitx.o
                0x08002184                Reset_Handler
 .text.Default_Handler
                0x080021d4        0x2 ./Core/Startup/startup_stm32l4s5vitx.o
                0x080021d4                TIM1_BRK_TIM15_IRQHandler
                0x080021d4                EXTI2_IRQHandler
                0x080021d4                TIM8_TRG_COM_IRQHandler
                0x080021d4                TIM8_CC_IRQHandler
                0x080021d4                TIM1_CC_IRQHandler
                0x080021d4                TSC_IRQHandler
                0x080021d4                TAMP_STAMP_IRQHandler
                0x080021d4                EXTI3_IRQHandler
                0x080021d4                LPTIM2_IRQHandler
                0x080021d4                DFSDM1_FLT1_IRQHandler
                0x080021d4                GFXMMU_IRQHandler
                0x080021d4                I2C3_ER_IRQHandler
                0x080021d4                DFSDM1_FLT2_IRQHandler
                0x080021d4                EXTI0_IRQHandler
                0x080021d4                CAN1_RX0_IRQHandler
                0x080021d4                FPU_IRQHandler
                0x080021d4                TIM1_UP_TIM16_IRQHandler
                0x080021d4                LTDC_ER_IRQHandler
                0x080021d4                SPI1_IRQHandler
                0x080021d4                OCTOSPI1_IRQHandler
                0x080021d4                DCMI_IRQHandler
                0x080021d4                TIM8_UP_IRQHandler
                0x080021d4                OCTOSPI2_IRQHandler
                0x080021d4                DMA2_Channel2_IRQHandler
                0x080021d4                DMA1_Channel4_IRQHandler
                0x080021d4                SAI2_IRQHandler
                0x080021d4                ADC1_IRQHandler
                0x080021d4                DFSDM1_FLT3_IRQHandler
                0x080021d4                USART3_IRQHandler
                0x080021d4                DMA1_Channel7_IRQHandler
                0x080021d4                CAN1_RX1_IRQHandler
                0x080021d4                UART5_IRQHandler
                0x080021d4                TIM4_IRQHandler
                0x080021d4                DMA2_Channel1_IRQHandler
                0x080021d4                I2C1_EV_IRQHandler
                0x080021d4                DMAMUX1_OVR_IRQHandler
                0x080021d4                DMA1_Channel6_IRQHandler
                0x080021d4                UART4_IRQHandler
                0x080021d4                DMA2_Channel4_IRQHandler
                0x080021d4                TIM3_IRQHandler
                0x080021d4                RCC_IRQHandler
                0x080021d4                DMA1_Channel1_IRQHandler
                0x080021d4                Default_Handler
                0x080021d4                DMA2_Channel7_IRQHandler
                0x080021d4                EXTI15_10_IRQHandler
                0x080021d4                TIM7_IRQHandler
                0x080021d4                SDMMC1_IRQHandler
                0x080021d4                TIM5_IRQHandler
                0x080021d4                I2C3_EV_IRQHandler
                0x080021d4                EXTI9_5_IRQHandler
                0x080021d4                RTC_WKUP_IRQHandler
                0x080021d4                LTDC_IRQHandler
                0x080021d4                PVD_PVM_IRQHandler
                0x080021d4                SPI2_IRQHandler
                0x080021d4                CAN1_TX_IRQHandler
                0x080021d4                DMA2_Channel5_IRQHandler
                0x080021d4                DMA1_Channel5_IRQHandler
                0x080021d4                EXTI4_IRQHandler
                0x080021d4                RNG_IRQHandler
                0x080021d4                TIM1_TRG_COM_TIM17_IRQHandler
                0x080021d4                COMP_IRQHandler
                0x080021d4                HASH_CRS_IRQHandler
                0x080021d4                WWDG_IRQHandler
                0x080021d4                I2C4_EV_IRQHandler
                0x080021d4                LPUART1_IRQHandler
                0x080021d4                DMA2_Channel6_IRQHandler
                0x080021d4                DMA2D_IRQHandler
                0x080021d4                EXTI1_IRQHandler
                0x080021d4                AES_IRQHandler
                0x080021d4                USART2_IRQHandler
                0x080021d4                DFSDM1_FLT0_IRQHandler
                0x080021d4                TIM8_BRK_IRQHandler
                0x080021d4                CAN1_SCE_IRQHandler
                0x080021d4                FLASH_IRQHandler
                0x080021d4                USART1_IRQHandler
                0x080021d4                OTG_FS_IRQHandler
                0x080021d4                SPI3_IRQHandler
                0x080021d4                I2C1_ER_IRQHandler
                0x080021d4                FMC_IRQHandler
                0x080021d4                LPTIM1_IRQHandler
                0x080021d4                I2C4_ER_IRQHandler
                0x080021d4                SAI1_IRQHandler
                0x080021d4                DMA2_Channel3_IRQHandler
                0x080021d4                RTC_Alarm_IRQHandler
 .text.LSM6DSL_AccInit
                0x080021d6       0x72 ./Drivers/Components/lsm6dsl/lsm6dsl.o
                0x080021d6                LSM6DSL_AccInit
 .text.LSM6DSL_AccDeInit
                0x08002248       0x32 ./Drivers/Components/lsm6dsl/lsm6dsl.o
                0x08002248                LSM6DSL_AccDeInit
 .text.LSM6DSL_AccReadID
                0x0800227a       0x16 ./Drivers/Components/lsm6dsl/lsm6dsl.o
                0x0800227a                LSM6DSL_AccReadID
 .text.LSM6DSL_AccLowPower
                0x08002290       0x44 ./Drivers/Components/lsm6dsl/lsm6dsl.o
                0x08002290                LSM6DSL_AccLowPower
 .text.LSM6DSL_AccReadXYZ
                0x080022d4      0x12c ./Drivers/Components/lsm6dsl/lsm6dsl.o
                0x080022d4                LSM6DSL_AccReadXYZ
 .text.HAL_Init
                0x08002400       0x30 ./Drivers/STM32L4xx_HAL_Driver/Src/stm32l4xx_hal.o
                0x08002400                HAL_Init
 .text.HAL_IncTick
                0x08002430       0x28 ./Drivers/STM32L4xx_HAL_Driver/Src/stm32l4xx_hal.o
                0x08002430                HAL_IncTick
 .text.HAL_GetTick
                0x08002458       0x18 ./Drivers/STM32L4xx_HAL_Driver/Src/stm32l4xx_hal.o
                0x08002458                HAL_GetTick
 .text.HAL_Delay
                0x08002470       0x48 ./Drivers/STM32L4xx_HAL_Driver/Src/stm32l4xx_hal.o
                0x08002470                HAL_Delay
 .text.__NVIC_SetPriorityGrouping
                0x080024b8       0x48 ./Drivers/STM32L4xx_HAL_Driver/Src/stm32l4xx_hal_cortex.o
 .text.__NVIC_GetPriorityGrouping
                0x08002500       0x1c ./Drivers/STM32L4xx_HAL_Driver/Src/stm32l4xx_hal_cortex.o
 .text.__NVIC_EnableIRQ
                0x0800251c       0x3c ./Drivers/STM32L4xx_HAL_Driver/Src/stm32l4xx_hal_cortex.o
 .text.__NVIC_DisableIRQ
                0x08002558       0x48 ./Drivers/STM32L4xx_HAL_Driver/Src/stm32l4xx_hal_cortex.o
 .text.__NVIC_SetPriority
                0x080025a0       0x54 ./Drivers/STM32L4xx_HAL_Driver/Src/stm32l4xx_hal_cortex.o
 .text.NVIC_EncodePriority
                0x080025f4       0x66 ./Drivers/STM32L4xx_HAL_Driver/Src/stm32l4xx_hal_cortex.o
 .text.HAL_NVIC_SetPriorityGrouping
                0x0800265a       0x16 ./Drivers/STM32L4xx_HAL_Driver/Src/stm32l4xx_hal_cortex.o
                0x0800265a                HAL_NVIC_SetPriorityGrouping
 .text.HAL_NVIC_SetPriority
                0x08002670       0x38 ./Drivers/STM32L4xx_HAL_Driver/Src/stm32l4xx_hal_cortex.o
                0x08002670                HAL_NVIC_SetPriority
 .text.HAL_NVIC_EnableIRQ
                0x080026a8       0x1c ./Drivers/STM32L4xx_HAL_Driver/Src/stm32l4xx_hal_cortex.o
                0x080026a8                HAL_NVIC_EnableIRQ
 .text.HAL_NVIC_DisableIRQ
                0x080026c4       0x1c ./Drivers/STM32L4xx_HAL_Driver/Src/stm32l4xx_hal_cortex.o
                0x080026c4                HAL_NVIC_DisableIRQ
 .text.HAL_DAC_Init
                0x080026e0       0x44 ./Drivers/STM32L4xx_HAL_Driver/Src/stm32l4xx_hal_dac.o
                0x080026e0                HAL_DAC_Init
 .text.HAL_DAC_Start_DMA
                0x08002724      0x198 ./Drivers/STM32L4xx_HAL_Driver/Src/stm32l4xx_hal_dac.o
                0x08002724                HAL_DAC_Start_DMA
 .text.HAL_DAC_Stop_DMA
                0x080028bc       0x8a ./Drivers/STM32L4xx_HAL_Driver/Src/stm32l4xx_hal_dac.o
                0x080028bc                HAL_DAC_Stop_DMA
 .text.HAL_DAC_IRQHandler
                0x08002946       0xb4 ./Drivers/STM32L4xx_HAL_Driver/Src/stm32l4xx_hal_dac.o
                0x08002946                HAL_DAC_IRQHandler
 .text.HAL_DAC_ConvCpltCallbackCh1
                0x080029fa       0x14 ./Drivers/STM32L4xx_HAL_Driver/Src/stm32l4xx_hal_dac.o
                0x080029fa                HAL_DAC_ConvCpltCallbackCh1
 .text.HAL_DAC_ConvHalfCpltCallbackCh1
                0x08002a0e       0x14 ./Drivers/STM32L4xx_HAL_Driver/Src/stm32l4xx_hal_dac.o
                0x08002a0e                HAL_DAC_ConvHalfCpltCallbackCh1
 .text.HAL_DAC_ErrorCallbackCh1
                0x08002a22       0x14 ./Drivers/STM32L4xx_HAL_Driver/Src/stm32l4xx_hal_dac.o
                0x08002a22                HAL_DAC_ErrorCallbackCh1
 .text.HAL_DAC_DMAUnderrunCallbackCh1
                0x08002a36       0x14 ./Drivers/STM32L4xx_HAL_Driver/Src/stm32l4xx_hal_dac.o
                0x08002a36                HAL_DAC_DMAUnderrunCallbackCh1
 *fill*         0x08002a4a        0x2 
 .text.HAL_DAC_ConfigChannel
                0x08002a4c      0x298 ./Drivers/STM32L4xx_HAL_Driver/Src/stm32l4xx_hal_dac.o
                0x08002a4c                HAL_DAC_ConfigChannel
 .text.DAC_DMAConvCpltCh1
                0x08002ce4       0x22 ./Drivers/STM32L4xx_HAL_Driver/Src/stm32l4xx_hal_dac.o
                0x08002ce4                DAC_DMAConvCpltCh1
 .text.DAC_DMAHalfConvCpltCh1
                0x08002d06       0x1c ./Drivers/STM32L4xx_HAL_Driver/Src/stm32l4xx_hal_dac.o
                0x08002d06                DAC_DMAHalfConvCpltCh1
 .text.DAC_DMAErrorCh1
                0x08002d22       0x2e ./Drivers/STM32L4xx_HAL_Driver/Src/stm32l4xx_hal_dac.o
                0x08002d22                DAC_DMAErrorCh1
 .text.HAL_DACEx_ConvCpltCallbackCh2
                0x08002d50       0x14 ./Drivers/STM32L4xx_HAL_Driver/Src/stm32l4xx_hal_dac_ex.o
                0x08002d50                HAL_DACEx_ConvCpltCallbackCh2
 .text.HAL_DACEx_ConvHalfCpltCallbackCh2
                0x08002d64       0x14 ./Drivers/STM32L4xx_HAL_Driver/Src/stm32l4xx_hal_dac_ex.o
                0x08002d64                HAL_DACEx_ConvHalfCpltCallbackCh2
 .text.HAL_DACEx_ErrorCallbackCh2
                0x08002d78       0x14 ./Drivers/STM32L4xx_HAL_Driver/Src/stm32l4xx_hal_dac_ex.o
                0x08002d78                HAL_DACEx_ErrorCallbackCh2
 .text.HAL_DACEx_DMAUnderrunCallbackCh2
                0x08002d8c       0x14 ./Drivers/STM32L4xx_HAL_Driver/Src/stm32l4xx_hal_dac_ex.o
                0x08002d8c                HAL_DACEx_DMAUnderrunCallbackCh2
 .text.DAC_DMAConvCpltCh2
                0x08002da0       0x22 ./Drivers/STM32L4xx_HAL_Driver/Src/stm32l4xx_hal_dac_ex.o
                0x08002da0                DAC_DMAConvCpltCh2
 .text.DAC_DMAHalfConvCpltCh2
                0x08002dc2       0x1c ./Drivers/STM32L4xx_HAL_Driver/Src/stm32l4xx_hal_dac_ex.o
                0x08002dc2                DAC_DMAHalfConvCpltCh2
 .text.DAC_DMAErrorCh2
                0x08002dde       0x2e ./Drivers/STM32L4xx_HAL_Driver/Src/stm32l4xx_hal_dac_ex.o
                0x08002dde                DAC_DMAErrorCh2
 .text.HAL_DFSDM_ChannelInit
                0x08002e0c      0x180 ./Drivers/STM32L4xx_HAL_Driver/Src/stm32l4xx_hal_dfsdm.o
                0x08002e0c                HAL_DFSDM_ChannelInit
 .text.HAL_DFSDM_FilterInit
                0x08002f8c      0x1b4 ./Drivers/STM32L4xx_HAL_Driver/Src/stm32l4xx_hal_dfsdm.o
                0x08002f8c                HAL_DFSDM_FilterInit
 .text.HAL_DFSDM_FilterConfigRegChannel
                0x08003140       0x8a ./Drivers/STM32L4xx_HAL_Driver/Src/stm32l4xx_hal_dfsdm.o
                0x08003140                HAL_DFSDM_FilterConfigRegChannel
 *fill*         0x080031ca        0x2 
 .text.HAL_DFSDM_FilterRegularStart_DMA
                0x080031cc      0x104 ./Drivers/STM32L4xx_HAL_Driver/Src/stm32l4xx_hal_dfsdm.o
                0x080031cc                HAL_DFSDM_FilterRegularStart_DMA
 .text.HAL_DFSDM_FilterErrorCallback
                0x080032d0       0x14 ./Drivers/STM32L4xx_HAL_Driver/Src/stm32l4xx_hal_dfsdm.o
                0x080032d0                HAL_DFSDM_FilterErrorCallback
 .text.DFSDM_DMARegularHalfConvCplt
                0x080032e4       0x1c ./Drivers/STM32L4xx_HAL_Driver/Src/stm32l4xx_hal_dfsdm.o
 .text.DFSDM_DMARegularConvCplt
                0x08003300       0x1c ./Drivers/STM32L4xx_HAL_Driver/Src/stm32l4xx_hal_dfsdm.o
 .text.DFSDM_DMAError
                0x0800331c       0x22 ./Drivers/STM32L4xx_HAL_Driver/Src/stm32l4xx_hal_dfsdm.o
 *fill*         0x0800333e        0x2 
 .text.DFSDM_GetChannelFromInstance
                0x08003340       0x98 ./Drivers/STM32L4xx_HAL_Driver/Src/stm32l4xx_hal_dfsdm.o
 .text.DFSDM_RegConvStart
                0x080033d8       0xac ./Drivers/STM32L4xx_HAL_Driver/Src/stm32l4xx_hal_dfsdm.o
 .text.HAL_DMA_Init
                0x08003484      0x150 ./Drivers/STM32L4xx_HAL_Driver/Src/stm32l4xx_hal_dma.o
                0x08003484                HAL_DMA_Init
 .text.HAL_DMA_Start_IT
                0x080035d4       0xf6 ./Drivers/STM32L4xx_HAL_Driver/Src/stm32l4xx_hal_dma.o
                0x080035d4                HAL_DMA_Start_IT
 .text.HAL_DMA_Abort
                0x080036ca       0xb8 ./Drivers/STM32L4xx_HAL_Driver/Src/stm32l4xx_hal_dma.o
                0x080036ca                HAL_DMA_Abort
 .text.HAL_DMA_Abort_IT
                0x08003782       0xbe ./Drivers/STM32L4xx_HAL_Driver/Src/stm32l4xx_hal_dma.o
                0x08003782                HAL_DMA_Abort_IT
 .text.HAL_DMA_IRQHandler
                0x08003840      0x15e ./Drivers/STM32L4xx_HAL_Driver/Src/stm32l4xx_hal_dma.o
                0x08003840                HAL_DMA_IRQHandler
 .text.HAL_DMA_GetState
                0x0800399e       0x1c ./Drivers/STM32L4xx_HAL_Driver/Src/stm32l4xx_hal_dma.o
                0x0800399e                HAL_DMA_GetState
 .text.DMA_SetConfig
                0x080039ba       0x7c ./Drivers/STM32L4xx_HAL_Driver/Src/stm32l4xx_hal_dma.o
 *fill*         0x08003a36        0x2 
 .text.DMA_CalcDMAMUXChannelBaseAndMask
                0x08003a38       0x7c ./Drivers/STM32L4xx_HAL_Driver/Src/stm32l4xx_hal_dma.o
 .text.DMA_CalcDMAMUXRequestGenBaseAndMask
                0x08003ab4       0x48 ./Drivers/STM32L4xx_HAL_Driver/Src/stm32l4xx_hal_dma.o
 .text.HAL_GPIO_Init
                0x08003afc      0x324 ./Drivers/STM32L4xx_HAL_Driver/Src/stm32l4xx_hal_gpio.o
                0x08003afc                HAL_GPIO_Init
 .text.HAL_GPIO_DeInit
                0x08003e20      0x1e4 ./Drivers/STM32L4xx_HAL_Driver/Src/stm32l4xx_hal_gpio.o
                0x08003e20                HAL_GPIO_DeInit
 .text.HAL_GPIO_WritePin
                0x08004004       0x30 ./Drivers/STM32L4xx_HAL_Driver/Src/stm32l4xx_hal_gpio.o
                0x08004004                HAL_GPIO_WritePin
 .text.HAL_I2C_Init
                0x08004034      0x136 ./Drivers/STM32L4xx_HAL_Driver/Src/stm32l4xx_hal_i2c.o
                0x08004034                HAL_I2C_Init
 .text.HAL_I2C_DeInit
                0x0800416a       0x5e ./Drivers/STM32L4xx_HAL_Driver/Src/stm32l4xx_hal_i2c.o
                0x0800416a                HAL_I2C_DeInit
 .text.HAL_I2C_Mem_Write
                0x080041c8      0x228 ./Drivers/STM32L4xx_HAL_Driver/Src/stm32l4xx_hal_i2c.o
                0x080041c8                HAL_I2C_Mem_Write
 .text.HAL_I2C_Mem_Read
                0x080043f0      0x234 ./Drivers/STM32L4xx_HAL_Driver/Src/stm32l4xx_hal_i2c.o
                0x080043f0                HAL_I2C_Mem_Read
 .text.HAL_I2C_EV_IRQHandler
                0x08004624       0x34 ./Drivers/STM32L4xx_HAL_Driver/Src/stm32l4xx_hal_i2c.o
                0x08004624                HAL_I2C_EV_IRQHandler
 .text.HAL_I2C_ER_IRQHandler
                0x08004658       0xc2 ./Drivers/STM32L4xx_HAL_Driver/Src/stm32l4xx_hal_i2c.o
                0x08004658                HAL_I2C_ER_IRQHandler
 .text.HAL_I2C_SlaveTxCpltCallback
                0x0800471a       0x14 ./Drivers/STM32L4xx_HAL_Driver/Src/stm32l4xx_hal_i2c.o
                0x0800471a                HAL_I2C_SlaveTxCpltCallback
 .text.HAL_I2C_SlaveRxCpltCallback
                0x0800472e       0x14 ./Drivers/STM32L4xx_HAL_Driver/Src/stm32l4xx_hal_i2c.o
                0x0800472e                HAL_I2C_SlaveRxCpltCallback
 .text.HAL_I2C_AddrCallback
                0x08004742       0x1c ./Drivers/STM32L4xx_HAL_Driver/Src/stm32l4xx_hal_i2c.o
                0x08004742                HAL_I2C_AddrCallback
 .text.HAL_I2C_ListenCpltCallback
                0x0800475e       0x14 ./Drivers/STM32L4xx_HAL_Driver/Src/stm32l4xx_hal_i2c.o
                0x0800475e                HAL_I2C_ListenCpltCallback
 .text.HAL_I2C_ErrorCallback
                0x08004772       0x14 ./Drivers/STM32L4xx_HAL_Driver/Src/stm32l4xx_hal_i2c.o
                0x08004772                HAL_I2C_ErrorCallback
 .text.HAL_I2C_AbortCpltCallback
                0x08004786       0x14 ./Drivers/STM32L4xx_HAL_Driver/Src/stm32l4xx_hal_i2c.o
                0x08004786                HAL_I2C_AbortCpltCallback
 .text.I2C_Slave_ISR_IT
                0x0800479a      0x208 ./Drivers/STM32L4xx_HAL_Driver/Src/stm32l4xx_hal_i2c.o
 *fill*         0x080049a2        0x2 
 .text.I2C_RequestMemoryWrite
                0x080049a4       0xa8 ./Drivers/STM32L4xx_HAL_Driver/Src/stm32l4xx_hal_i2c.o
 .text.I2C_RequestMemoryRead
                0x08004a4c       0xa8 ./Drivers/STM32L4xx_HAL_Driver/Src/stm32l4xx_hal_i2c.o
 .text.I2C_ITAddrCplt
                0x08004af4      0x108 ./Drivers/STM32L4xx_HAL_Driver/Src/stm32l4xx_hal_i2c.o
 .text.I2C_ITSlaveSeqCplt
                0x08004bfc       0xbc ./Drivers/STM32L4xx_HAL_Driver/Src/stm32l4xx_hal_i2c.o
 .text.I2C_ITSlaveCplt
                0x08004cb8      0x2d4 ./Drivers/STM32L4xx_HAL_Driver/Src/stm32l4xx_hal_i2c.o
 .text.I2C_ITListenCplt
                0x08004f8c       0xac ./Drivers/STM32L4xx_HAL_Driver/Src/stm32l4xx_hal_i2c.o
 .text.I2C_ITError
                0x08005038      0x1e0 ./Drivers/STM32L4xx_HAL_Driver/Src/stm32l4xx_hal_i2c.o
 .text.I2C_TreatErrorCallback
                0x08005218       0x4e ./Drivers/STM32L4xx_HAL_Driver/Src/stm32l4xx_hal_i2c.o
 .text.I2C_Flush_TXDR
                0x08005266       0x48 ./Drivers/STM32L4xx_HAL_Driver/Src/stm32l4xx_hal_i2c.o
 .text.I2C_DMAAbort
                0x080052ae       0x3c ./Drivers/STM32L4xx_HAL_Driver/Src/stm32l4xx_hal_i2c.o
 .text.I2C_WaitOnFlagUntilTimeout
                0x080052ea       0xb2 ./Drivers/STM32L4xx_HAL_Driver/Src/stm32l4xx_hal_i2c.o
 .text.I2C_WaitOnTXISFlagUntilTimeout
                0x0800539c       0x8e ./Drivers/STM32L4xx_HAL_Driver/Src/stm32l4xx_hal_i2c.o
 .text.I2C_WaitOnSTOPFlagUntilTimeout
                0x0800542a       0x86 ./Drivers/STM32L4xx_HAL_Driver/Src/stm32l4xx_hal_i2c.o
 .text.I2C_IsErrorOccurred
                0x080054b0      0x1c0 ./Drivers/STM32L4xx_HAL_Driver/Src/stm32l4xx_hal_i2c.o
 .text.I2C_TransferConfig
                0x08005670       0x64 ./Drivers/STM32L4xx_HAL_Driver/Src/stm32l4xx_hal_i2c.o
 .text.I2C_Disable_IRQ
                0x080056d4       0xbc ./Drivers/STM32L4xx_HAL_Driver/Src/stm32l4xx_hal_i2c.o
 .text.HAL_I2CEx_ConfigAnalogFilter
                0x08005790       0x96 ./Drivers/STM32L4xx_HAL_Driver/Src/stm32l4xx_hal_i2c_ex.o
                0x08005790                HAL_I2CEx_ConfigAnalogFilter
 .text.HAL_I2CEx_ConfigDigitalFilter
                0x08005826       0x98 ./Drivers/STM32L4xx_HAL_Driver/Src/stm32l4xx_hal_i2c_ex.o
                0x08005826                HAL_I2CEx_ConfigDigitalFilter
 *fill*         0x080058be        0x2 
 .text.HAL_OSPI_Init
                0x080058c0      0x154 ./Drivers/STM32L4xx_HAL_Driver/Src/stm32l4xx_hal_ospi.o
                0x080058c0                HAL_OSPI_Init
 .text.HAL_OSPI_SetTimeout
                0x08005a14       0x1e ./Drivers/STM32L4xx_HAL_Driver/Src/stm32l4xx_hal_ospi.o
                0x08005a14                HAL_OSPI_SetTimeout
 *fill*         0x08005a32        0x2 
 .text.HAL_OSPIM_Config
                0x08005a34      0x670 ./Drivers/STM32L4xx_HAL_Driver/Src/stm32l4xx_hal_ospi.o
                0x08005a34                HAL_OSPIM_Config
 .text.OSPI_WaitFlagStateUntilTimeout
                0x080060a4       0x6e ./Drivers/STM32L4xx_HAL_Driver/Src/stm32l4xx_hal_ospi.o
 *fill*         0x08006112        0x2 
 .text.OSPIM_GetConfig
                0x08006114      0x160 ./Drivers/STM32L4xx_HAL_Driver/Src/stm32l4xx_hal_ospi.o
 .text.HAL_PWR_EnterSLEEPMode
                0x08006274       0x68 ./Drivers/STM32L4xx_HAL_Driver/Src/stm32l4xx_hal_pwr.o
                0x08006274                HAL_PWR_EnterSLEEPMode
 .text.HAL_PWREx_GetVoltageRange
                0x080062dc       0x40 ./Drivers/STM32L4xx_HAL_Driver/Src/stm32l4xx_hal_pwr_ex.o
                0x080062dc                HAL_PWREx_GetVoltageRange
 .text.HAL_PWREx_ControlVoltageScaling
                0x0800631c      0x148 ./Drivers/STM32L4xx_HAL_Driver/Src/stm32l4xx_hal_pwr_ex.o
                0x0800631c                HAL_PWREx_ControlVoltageScaling
 .text.HAL_PWREx_EnableLowPowerRunMode
                0x08006464       0x20 ./Drivers/STM32L4xx_HAL_Driver/Src/stm32l4xx_hal_pwr_ex.o
                0x08006464                HAL_PWREx_EnableLowPowerRunMode
 .text.HAL_PWREx_DisableLowPowerRunMode
                0x08006484       0x70 ./Drivers/STM32L4xx_HAL_Driver/Src/stm32l4xx_hal_pwr_ex.o
                0x08006484                HAL_PWREx_DisableLowPowerRunMode
 .text.HAL_RCC_OscConfig
                0x080064f4      0x834 ./Drivers/STM32L4xx_HAL_Driver/Src/stm32l4xx_hal_rcc.o
                0x080064f4                HAL_RCC_OscConfig
 .text.HAL_RCC_ClockConfig
                0x08006d28      0x274 ./Drivers/STM32L4xx_HAL_Driver/Src/stm32l4xx_hal_rcc.o
                0x08006d28                HAL_RCC_ClockConfig
 .text.HAL_RCC_GetSysClockFreq
                0x08006f9c      0x118 ./Drivers/STM32L4xx_HAL_Driver/Src/stm32l4xx_hal_rcc.o
                0x08006f9c                HAL_RCC_GetSysClockFreq
 .text.HAL_RCC_GetHCLKFreq
                0x080070b4       0x18 ./Drivers/STM32L4xx_HAL_Driver/Src/stm32l4xx_hal_rcc.o
                0x080070b4                HAL_RCC_GetHCLKFreq
 .text.HAL_RCC_GetPCLK1Freq
                0x080070cc       0x2c ./Drivers/STM32L4xx_HAL_Driver/Src/stm32l4xx_hal_rcc.o
                0x080070cc                HAL_RCC_GetPCLK1Freq
 .text.HAL_RCC_GetPCLK2Freq
                0x080070f8       0x2c ./Drivers/STM32L4xx_HAL_Driver/Src/stm32l4xx_hal_rcc.o
                0x080070f8                HAL_RCC_GetPCLK2Freq
 .text.HAL_RCC_GetClockConfig
                0x08007124       0x64 ./Drivers/STM32L4xx_HAL_Driver/Src/stm32l4xx_hal_rcc.o
                0x08007124                HAL_RCC_GetClockConfig
 .text.RCC_SetFlashLatencyFromMSIRange
                0x08007188       0xb4 ./Drivers/STM32L4xx_HAL_Driver/Src/stm32l4xx_hal_rcc.o
 .text.RCC_GetSysClockFreqFromPLLSource
                0x0800723c       0xcc ./Drivers/STM32L4xx_HAL_Driver/Src/stm32l4xx_hal_rcc.o
 .text.HAL_RCCEx_PeriphCLKConfig
                0x08007308      0x660 ./Drivers/STM32L4xx_HAL_Driver/Src/stm32l4xx_hal_rcc_ex.o
                0x08007308                HAL_RCCEx_PeriphCLKConfig
 .text.RCCEx_PLLSAI1_Config
                0x08007968      0x1e8 ./Drivers/STM32L4xx_HAL_Driver/Src/stm32l4xx_hal_rcc_ex.o
 .text.RCCEx_PLLSAI2_Config
                0x08007b50      0x1e8 ./Drivers/STM32L4xx_HAL_Driver/Src/stm32l4xx_hal_rcc_ex.o
 .text.HAL_RTC_Init
                0x08007d38      0x110 ./Drivers/STM32L4xx_HAL_Driver/Src/stm32l4xx_hal_rtc.o
                0x08007d38                HAL_RTC_Init
 .text.HAL_RTC_WaitForSynchro
                0x08007e48       0x48 ./Drivers/STM32L4xx_HAL_Driver/Src/stm32l4xx_hal_rtc.o
                0x08007e48                HAL_RTC_WaitForSynchro
 .text.RTC_EnterInitMode
                0x08007e90       0x66 ./Drivers/STM32L4xx_HAL_Driver/Src/stm32l4xx_hal_rtc.o
                0x08007e90                RTC_EnterInitMode
 *fill*         0x08007ef6        0x2 
 .text.RTC_ExitInitMode
                0x08007ef8       0x7c ./Drivers/STM32L4xx_HAL_Driver/Src/stm32l4xx_hal_rtc.o
                0x08007ef8                RTC_ExitInitMode
 .text.HAL_RTCEx_SetWakeUpTimer
                0x08007f74       0xe8 ./Drivers/STM32L4xx_HAL_Driver/Src/stm32l4xx_hal_rtc_ex.o
                0x08007f74                HAL_RTCEx_SetWakeUpTimer
 .text.HAL_TIM_Base_Init
                0x0800805c       0xae ./Drivers/STM32L4xx_HAL_Driver/Src/stm32l4xx_hal_tim.o
                0x0800805c                HAL_TIM_Base_Init
 *fill*         0x0800810a        0x2 
 .text.HAL_TIM_Base_Start
                0x0800810c       0xd0 ./Drivers/STM32L4xx_HAL_Driver/Src/stm32l4xx_hal_tim.o
                0x0800810c                HAL_TIM_Base_Start
 .text.HAL_TIM_Base_Start_IT
                0x080081dc       0xe0 ./Drivers/STM32L4xx_HAL_Driver/Src/stm32l4xx_hal_tim.o
                0x080081dc                HAL_TIM_Base_Start_IT
 .text.HAL_TIM_IRQHandler
                0x080082bc      0x20e ./Drivers/STM32L4xx_HAL_Driver/Src/stm32l4xx_hal_tim.o
                0x080082bc                HAL_TIM_IRQHandler
 .text.HAL_TIM_ConfigClockSource
                0x080084ca      0x192 ./Drivers/STM32L4xx_HAL_Driver/Src/stm32l4xx_hal_tim.o
                0x080084ca                HAL_TIM_ConfigClockSource
 .text.HAL_TIM_OC_DelayElapsedCallback
                0x0800865c       0x14 ./Drivers/STM32L4xx_HAL_Driver/Src/stm32l4xx_hal_tim.o
                0x0800865c                HAL_TIM_OC_DelayElapsedCallback
 .text.HAL_TIM_IC_CaptureCallback
                0x08008670       0x14 ./Drivers/STM32L4xx_HAL_Driver/Src/stm32l4xx_hal_tim.o
                0x08008670                HAL_TIM_IC_CaptureCallback
 .text.HAL_TIM_PWM_PulseFinishedCallback
                0x08008684       0x14 ./Drivers/STM32L4xx_HAL_Driver/Src/stm32l4xx_hal_tim.o
                0x08008684                HAL_TIM_PWM_PulseFinishedCallback
 .text.HAL_TIM_TriggerCallback
                0x08008698       0x14 ./Drivers/STM32L4xx_HAL_Driver/Src/stm32l4xx_hal_tim.o
                0x08008698                HAL_TIM_TriggerCallback
 .text.TIM_Base_SetConfig
                0x080086ac      0x14c ./Drivers/STM32L4xx_HAL_Driver/Src/stm32l4xx_hal_tim.o
                0x080086ac                TIM_Base_SetConfig
 .text.TIM_TI1_ConfigInputStage
                0x080087f8       0x5e ./Drivers/STM32L4xx_HAL_Driver/Src/stm32l4xx_hal_tim.o
 .text.TIM_TI2_ConfigInputStage
                0x08008856       0x60 ./Drivers/STM32L4xx_HAL_Driver/Src/stm32l4xx_hal_tim.o
 .text.TIM_ITRx_SetConfig
                0x080088b6       0x36 ./Drivers/STM32L4xx_HAL_Driver/Src/stm32l4xx_hal_tim.o
 .text.TIM_ETR_SetConfig
                0x080088ec       0x40 ./Drivers/STM32L4xx_HAL_Driver/Src/stm32l4xx_hal_tim.o
                0x080088ec                TIM_ETR_SetConfig
 .text.HAL_TIMEx_MasterConfigSynchronization
                0x0800892c      0x110 ./Drivers/STM32L4xx_HAL_Driver/Src/stm32l4xx_hal_tim_ex.o
                0x0800892c                HAL_TIMEx_MasterConfigSynchronization
 .text.HAL_TIMEx_CommutCallback
                0x08008a3c       0x14 ./Drivers/STM32L4xx_HAL_Driver/Src/stm32l4xx_hal_tim_ex.o
                0x08008a3c                HAL_TIMEx_CommutCallback
 .text.HAL_TIMEx_BreakCallback
                0x08008a50       0x14 ./Drivers/STM32L4xx_HAL_Driver/Src/stm32l4xx_hal_tim_ex.o
                0x08008a50                HAL_TIMEx_BreakCallback
 .text.HAL_TIMEx_Break2Callback
                0x08008a64       0x14 ./Drivers/STM32L4xx_HAL_Driver/Src/stm32l4xx_hal_tim_ex.o
                0x08008a64                HAL_TIMEx_Break2Callback
 .text.HAL_UART_Init
                0x08008a78       0xa0 ./Drivers/STM32L4xx_HAL_Driver/Src/stm32l4xx_hal_uart.o
                0x08008a78                HAL_UART_Init
 .text.HAL_UART_Transmit
                0x08008b18      0x11c ./Drivers/STM32L4xx_HAL_Driver/Src/stm32l4xx_hal_uart.o
                0x08008b18                HAL_UART_Transmit
 .text.UART_SetConfig
                0x08008c34      0x5f8 ./Drivers/STM32L4xx_HAL_Driver/Src/stm32l4xx_hal_uart.o
                0x08008c34                UART_SetConfig
 .text.UART_AdvFeatureConfig
                0x0800922c      0x144 ./Drivers/STM32L4xx_HAL_Driver/Src/stm32l4xx_hal_uart.o
                0x0800922c                UART_AdvFeatureConfig
 .text.UART_CheckIdleState
                0x08009370      0x154 ./Drivers/STM32L4xx_HAL_Driver/Src/stm32l4xx_hal_uart.o
                0x08009370                UART_CheckIdleState
 .text.UART_WaitOnFlagUntilTimeout
                0x080094c4       0xda ./Drivers/STM32L4xx_HAL_Driver/Src/stm32l4xx_hal_uart.o
                0x080094c4                UART_WaitOnFlagUntilTimeout
 .text.UART_EndRxTransfer
                0x0800959e       0xcc ./Drivers/STM32L4xx_HAL_Driver/Src/stm32l4xx_hal_uart.o
 .text.HAL_UARTEx_DisableFifoMode
                0x0800966a       0x72 ./Drivers/STM32L4xx_HAL_Driver/Src/stm32l4xx_hal_uart_ex.o
                0x0800966a                HAL_UARTEx_DisableFifoMode
 .text.HAL_UARTEx_SetTxFifoThreshold
                0x080096dc       0x7c ./Drivers/STM32L4xx_HAL_Driver/Src/stm32l4xx_hal_uart_ex.o
                0x080096dc                HAL_UARTEx_SetTxFifoThreshold
 .text.HAL_UARTEx_SetRxFifoThreshold
                0x08009758       0x7c ./Drivers/STM32L4xx_HAL_Driver/Src/stm32l4xx_hal_uart_ex.o
                0x08009758                HAL_UARTEx_SetRxFifoThreshold
 .text.UARTEx_SetNbDataToProcess
                0x080097d4       0x9c ./Drivers/STM32L4xx_HAL_Driver/Src/stm32l4xx_hal_uart_ex.o
 .text.makeFreeRtosPriority
                0x08009870       0x30 ./Middlewares/Third_Party/FreeRTOS/Source/CMSIS_RTOS/cmsis_os.o
 .text.osKernelStart
                0x080098a0        0xe ./Middlewares/Third_Party/FreeRTOS/Source/CMSIS_RTOS/cmsis_os.o
                0x080098a0                osKernelStart
 .text.osThreadCreate
                0x080098ae       0x98 ./Middlewares/Third_Party/FreeRTOS/Source/CMSIS_RTOS/cmsis_os.o
                0x080098ae                osThreadCreate
 .text.osDelay  0x08009946       0x28 ./Middlewares/Third_Party/FreeRTOS/Source/CMSIS_RTOS/cmsis_os.o
                0x08009946                osDelay
 .text.vListInitialise
                0x0800996e       0x40 ./Middlewares/Third_Party/FreeRTOS/Source/list.o
                0x0800996e                vListInitialise
 .text.vListInitialiseItem
                0x080099ae       0x1a ./Middlewares/Third_Party/FreeRTOS/Source/list.o
                0x080099ae                vListInitialiseItem
 .text.vListInsertEnd
                0x080099c8       0x48 ./Middlewares/Third_Party/FreeRTOS/Source/list.o
                0x080099c8                vListInsertEnd
 .text.vListInsert
                0x08009a10       0x72 ./Middlewares/Third_Party/FreeRTOS/Source/list.o
                0x08009a10                vListInsert
 .text.uxListRemove
                0x08009a82       0x54 ./Middlewares/Third_Party/FreeRTOS/Source/list.o
                0x08009a82                uxListRemove
 *fill*         0x08009ad6        0x2 
 .text.xQueueGenericReset
                0x08009ad8       0xd4 ./Middlewares/Third_Party/FreeRTOS/Source/queue.o
                0x08009ad8                xQueueGenericReset
 .text.xQueueGenericCreateStatic
                0x08009bac       0xfa ./Middlewares/Third_Party/FreeRTOS/Source/queue.o
                0x08009bac                xQueueGenericCreateStatic
 .text.prvInitialiseNewQueue
                0x08009ca6       0x3e ./Middlewares/Third_Party/FreeRTOS/Source/queue.o
 .text.xQueueGenericSend
                0x08009ce4      0x204 ./Middlewares/Third_Party/FreeRTOS/Source/queue.o
                0x08009ce4                xQueueGenericSend
 .text.xQueueReceive
                0x08009ee8      0x1c4 ./Middlewares/Third_Party/FreeRTOS/Source/queue.o
                0x08009ee8                xQueueReceive
 .text.prvCopyDataToQueue
                0x0800a0ac       0xd4 ./Middlewares/Third_Party/FreeRTOS/Source/queue.o
 .text.prvCopyDataFromQueue
                0x0800a180       0x4c ./Middlewares/Third_Party/FreeRTOS/Source/queue.o
 .text.prvUnlockQueue
                0x0800a1cc       0xa4 ./Middlewares/Third_Party/FreeRTOS/Source/queue.o
 .text.prvIsQueueEmpty
                0x0800a270       0x2c ./Middlewares/Third_Party/FreeRTOS/Source/queue.o
 .text.prvIsQueueFull
                0x0800a29c       0x30 ./Middlewares/Third_Party/FreeRTOS/Source/queue.o
 .text.xTaskCreateStatic
                0x0800a2cc       0xc0 ./Middlewares/Third_Party/FreeRTOS/Source/tasks.o
                0x0800a2cc                xTaskCreateStatic
 .text.xTaskCreate
                0x0800a38c       0x8a ./Middlewares/Third_Party/FreeRTOS/Source/tasks.o
                0x0800a38c                xTaskCreate
 *fill*         0x0800a416        0x2 
 .text.prvInitialiseNewTask
                0x0800a418      0x140 ./Middlewares/Third_Party/FreeRTOS/Source/tasks.o
 .text.prvAddNewTaskToReadyList
                0x0800a558       0xd4 ./Middlewares/Third_Party/FreeRTOS/Source/tasks.o
 .text.vTaskDelete
                0x0800a62c      0x120 ./Middlewares/Third_Party/FreeRTOS/Source/tasks.o
                0x0800a62c                vTaskDelete
 .text.vTaskDelay
                0x0800a74c       0x6c ./Middlewares/Third_Party/FreeRTOS/Source/tasks.o
                0x0800a74c                vTaskDelay
 .text.vTaskStartScheduler
                0x0800a7b8       0xd4 ./Middlewares/Third_Party/FreeRTOS/Source/tasks.o
                0x0800a7b8                vTaskStartScheduler
 .text.vTaskSuspendAll
                0x0800a88c       0x1c ./Middlewares/Third_Party/FreeRTOS/Source/tasks.o
                0x0800a88c                vTaskSuspendAll
 .text.xTaskResumeAll
                0x0800a8a8      0x13c ./Middlewares/Third_Party/FreeRTOS/Source/tasks.o
                0x0800a8a8                xTaskResumeAll
 .text.xTaskGetTickCount
                0x0800a9e4       0x20 ./Middlewares/Third_Party/FreeRTOS/Source/tasks.o
                0x0800a9e4                xTaskGetTickCount
 .text.xTaskIncrementTick
                0x0800aa04      0x174 ./Middlewares/Third_Party/FreeRTOS/Source/tasks.o
                0x0800aa04                xTaskIncrementTick
 .text.vTaskSwitchContext
                0x0800ab78       0xc8 ./Middlewares/Third_Party/FreeRTOS/Source/tasks.o
                0x0800ab78                vTaskSwitchContext
 .text.vTaskPlaceOnEventList
                0x0800ac40       0x4c ./Middlewares/Third_Party/FreeRTOS/Source/tasks.o
                0x0800ac40                vTaskPlaceOnEventList
 .text.xTaskRemoveFromEventList
                0x0800ac8c       0xc8 ./Middlewares/Third_Party/FreeRTOS/Source/tasks.o
                0x0800ac8c                xTaskRemoveFromEventList
 .text.vTaskInternalSetTimeOutState
                0x0800ad54       0x2c ./Middlewares/Third_Party/FreeRTOS/Source/tasks.o
                0x0800ad54                vTaskInternalSetTimeOutState
 .text.xTaskCheckForTimeOut
                0x0800ad80       0xc8 ./Middlewares/Third_Party/FreeRTOS/Source/tasks.o
                0x0800ad80                xTaskCheckForTimeOut
 .text.vTaskMissedYield
                0x0800ae48       0x18 ./Middlewares/Third_Party/FreeRTOS/Source/tasks.o
                0x0800ae48                vTaskMissedYield
 .text.prvIdleTask
                0x0800ae60       0x34 ./Middlewares/Third_Party/FreeRTOS/Source/tasks.o
 .text.prvInitialiseTaskLists
                0x0800ae94       0x80 ./Middlewares/Third_Party/FreeRTOS/Source/tasks.o
 .text.prvCheckTasksWaitingTermination
                0x0800af14       0x5c ./Middlewares/Third_Party/FreeRTOS/Source/tasks.o
 .text.prvDeleteTCB
                0x0800af70       0x6a ./Middlewares/Third_Party/FreeRTOS/Source/tasks.o
 *fill*         0x0800afda        0x2 
 .text.prvResetNextTaskUnblockTime
                0x0800afdc       0x40 ./Middlewares/Third_Party/FreeRTOS/Source/tasks.o
 .text.xTaskGetCurrentTaskHandle
                0x0800b01c       0x20 ./Middlewares/Third_Party/FreeRTOS/Source/tasks.o
                0x0800b01c                xTaskGetCurrentTaskHandle
 .text.xTaskGetSchedulerState
                0x0800b03c       0x3c ./Middlewares/Third_Party/FreeRTOS/Source/tasks.o
                0x0800b03c                xTaskGetSchedulerState
 .text.xTaskPriorityDisinherit
                0x0800b078      0x110 ./Middlewares/Third_Party/FreeRTOS/Source/tasks.o
                0x0800b078                xTaskPriorityDisinherit
 .text.ulTaskNotifyTake
                0x0800b188       0x98 ./Middlewares/Third_Party/FreeRTOS/Source/tasks.o
                0x0800b188                ulTaskNotifyTake
 .text.vTaskNotifyGiveFromISR
                0x0800b220      0x12c ./Middlewares/Third_Party/FreeRTOS/Source/tasks.o
                0x0800b220                vTaskNotifyGiveFromISR
 .text.prvAddCurrentTaskToDelayedList
                0x0800b34c       0xcc ./Middlewares/Third_Party/FreeRTOS/Source/tasks.o
 .text.pxPortInitialiseStack
                0x0800b418       0x68 ./Middlewares/Third_Party/FreeRTOS/Source/portable/GCC/ARM_CM4F/port.o
                0x0800b418                pxPortInitialiseStack
 .text.prvTaskExitError
                0x0800b480       0x5c ./Middlewares/Third_Party/FreeRTOS/Source/portable/GCC/ARM_CM4F/port.o
 *fill*         0x0800b4dc        0x4 
 .text.SVC_Handler
                0x0800b4e0       0x28 ./Middlewares/Third_Party/FreeRTOS/Source/portable/GCC/ARM_CM4F/port.o
                0x0800b4e0                SVC_Handler
 .text.prvPortStartFirstTask
                0x0800b508       0x28 ./Middlewares/Third_Party/FreeRTOS/Source/portable/GCC/ARM_CM4F/port.o
 .text.xPortStartScheduler
                0x0800b530      0x148 ./Middlewares/Third_Party/FreeRTOS/Source/portable/GCC/ARM_CM4F/port.o
                0x0800b530                xPortStartScheduler
 .text.vPortEnterCritical
                0x0800b678       0x64 ./Middlewares/Third_Party/FreeRTOS/Source/portable/GCC/ARM_CM4F/port.o
                0x0800b678                vPortEnterCritical
 .text.vPortExitCritical
                0x0800b6dc       0x54 ./Middlewares/Third_Party/FreeRTOS/Source/portable/GCC/ARM_CM4F/port.o
                0x0800b6dc                vPortExitCritical
 .text.PendSV_Handler
                0x0800b730       0x68 ./Middlewares/Third_Party/FreeRTOS/Source/portable/GCC/ARM_CM4F/port.o
                0x0800b730                PendSV_Handler
 .text.SysTick_Handler
                0x0800b798       0x44 ./Middlewares/Third_Party/FreeRTOS/Source/portable/GCC/ARM_CM4F/port.o
                0x0800b798                SysTick_Handler
 .text.vPortSetupTimerInterrupt
                0x0800b7dc       0x48 ./Middlewares/Third_Party/FreeRTOS/Source/portable/GCC/ARM_CM4F/port.o
                0x0800b7dc                vPortSetupTimerInterrupt
 .text.vPortEnableVFP
                0x0800b824       0x14 ./Middlewares/Third_Party/FreeRTOS/Source/portable/GCC/ARM_CM4F/port.o
 .text.vPortValidateInterruptPriority
                0x0800b838       0x84 ./Middlewares/Third_Party/FreeRTOS/Source/portable/GCC/ARM_CM4F/port.o
                0x0800b838                vPortValidateInterruptPriority
 .text.pvPortMalloc
                0x0800b8bc      0x19c ./Middlewares/Third_Party/FreeRTOS/Source/portable/MemMang/heap_4.o
                0x0800b8bc                pvPortMalloc
 .text.vPortFree
                0x0800ba58       0xc8 ./Middlewares/Third_Party/FreeRTOS/Source/portable/MemMang/heap_4.o
                0x0800ba58                vPortFree
 .text.prvHeapInit
                0x0800bb20       0xc4 ./Middlewares/Third_Party/FreeRTOS/Source/portable/MemMang/heap_4.o
 .text.prvInsertBlockIntoFreeList
                0x0800bbe4       0xb4 ./Middlewares/Third_Party/FreeRTOS/Source/portable/MemMang/heap_4.o
 .text._vsnprintf_r
                0x0800bc98       0x5c /Applications/STM32CubeIDE.app/Contents/Eclipse/plugins/com.st.stm32cube.ide.mcu.externaltools.gnu-tools-for-stm32.13.3.rel1.macos64_1.0.0.202411102158/tools/bin/../lib/gcc/arm-none-eabi/13.3.1/../../../../arm-none-eabi/lib/thumb/v7e-m+fp/hard/libc_nano.a(libc_a-vsnprintf.o)
                0x0800bc98                _vsnprintf_r
                0x0800bc98                _vsniprintf_r
 .text.vsnprintf
                0x0800bcf4       0x1c /Applications/STM32CubeIDE.app/Contents/Eclipse/plugins/com.st.stm32cube.ide.mcu.externaltools.gnu-tools-for-stm32.13.3.rel1.macos64_1.0.0.202411102158/tools/bin/../lib/gcc/arm-none-eabi/13.3.1/../../../../arm-none-eabi/lib/thumb/v7e-m+fp/hard/libc_nano.a(libc_a-vsnprintf.o)
                0x0800bcf4                vsnprintf
                0x0800bcf4                vsniprintf
 .text.memset   0x0800bd10       0x10 /Applications/STM32CubeIDE.app/Contents/Eclipse/plugins/com.st.stm32cube.ide.mcu.externaltools.gnu-tools-for-stm32.13.3.rel1.macos64_1.0.0.202411102158/tools/bin/../lib/gcc/arm-none-eabi/13.3.1/../../../../arm-none-eabi/lib/thumb/v7e-m+fp/hard/libc_nano.a(libc_a-memset.o)
                0x0800bd10                memset
 .text.__errno  0x0800bd20        0xc /Applications/STM32CubeIDE.app/Contents/Eclipse/plugins/com.st.stm32cube.ide.mcu.externaltools.gnu-tools-for-stm32.13.3.rel1.macos64_1.0.0.202411102158/tools/bin/../lib/gcc/arm-none-eabi/13.3.1/../../../../arm-none-eabi/lib/thumb/v7e-m+fp/hard/libc_nano.a(libc_a-errno.o)
                0x0800bd20                __errno
 .text.__libc_init_array
                0x0800bd2c       0x48 /Applications/STM32CubeIDE.app/Contents/Eclipse/plugins/com.st.stm32cube.ide.mcu.externaltools.gnu-tools-for-stm32.13.3.rel1.macos64_1.0.0.202411102158/tools/bin/../lib/gcc/arm-none-eabi/13.3.1/../../../../arm-none-eabi/lib/thumb/v7e-m+fp/hard/libc_nano.a(libc_a-init.o)
                0x0800bd2c                __libc_init_array
 .text.__retarget_lock_acquire_recursive
                0x0800bd74        0x2 /Applications/STM32CubeIDE.app/Contents/Eclipse/plugins/com.st.stm32cube.ide.mcu.externaltools.gnu-tools-for-stm32.13.3.rel1.macos64_1.0.0.202411102158/tools/bin/../lib/gcc/arm-none-eabi/13.3.1/../../../../arm-none-eabi/lib/thumb/v7e-m+fp/hard/libc_nano.a(libc_a-lock.o)
                0x0800bd74                __retarget_lock_acquire_recursive
 .text.__retarget_lock_release_recursive
                0x0800bd76        0x2 /Applications/STM32CubeIDE.app/Contents/Eclipse/plugins/com.st.stm32cube.ide.mcu.externaltools.gnu-tools-for-stm32.13.3.rel1.macos64_1.0.0.202411102158/tools/bin/../lib/gcc/arm-none-eabi/13.3.1/../../../../arm-none-eabi/lib/thumb/v7e-m+fp/hard/libc_nano.a(libc_a-lock.o)
                0x0800bd76                __retarget_lock_release_recursive
 .text._reclaim_reent
                0x0800bd78       0xbc /Applications/STM32CubeIDE.app/Contents/Eclipse/plugins/com.st.stm32cube.ide.mcu.externaltools.gnu-tools-for-stm32.13.3.rel1.macos64_1.0.0.202411102158/tools/bin/../lib/gcc/arm-none-eabi/13.3.1/../../../../arm-none-eabi/lib/thumb/v7e-m+fp/hard/libc_nano.a(libc_a-reent.o)
                0x0800bd78                _reclaim_reent
 .text.memcpy   0x0800be34       0x1c /Applications/STM32CubeIDE.app/Contents/Eclipse/plugins/com.st.stm32cube.ide.mcu.externaltools.gnu-tools-for-stm32.13.3.rel1.macos64_1.0.0.202411102158/tools/bin/../lib/gcc/arm-none-eabi/13.3.1/../../../../arm-none-eabi/lib/thumb/v7e-m+fp/hard/libc_nano.a(libc_a-memcpy-stub.o)
                0x0800be34                memcpy
 .text._free_r  0x0800be50       0x94 /Applications/STM32CubeIDE.app/Contents/Eclipse/plugins/com.st.stm32cube.ide.mcu.externaltools.gnu-tools-for-stm32.13.3.rel1.macos64_1.0.0.202411102158/tools/bin/../lib/gcc/arm-none-eabi/13.3.1/../../../../arm-none-eabi/lib/thumb/v7e-m+fp/hard/libc_nano.a(libc_a-freer.o)
                0x0800be50                _free_r
 .text.__ssputs_r
                0x0800bee4       0xb6 /Applications/STM32CubeIDE.app/Contents/Eclipse/plugins/com.st.stm32cube.ide.mcu.externaltools.gnu-tools-for-stm32.13.3.rel1.macos64_1.0.0.202411102158/tools/bin/../lib/gcc/arm-none-eabi/13.3.1/../../../../arm-none-eabi/lib/thumb/v7e-m+fp/hard/libc_nano.a(libc_a-nano-svfprintf.o)
                0x0800bee4                __ssputs_r
 *fill*         0x0800bf9a        0x2 
 .text._svfprintf_r
                0x0800bf9c      0x1f8 /Applications/STM32CubeIDE.app/Contents/Eclipse/plugins/com.st.stm32cube.ide.mcu.externaltools.gnu-tools-for-stm32.13.3.rel1.macos64_1.0.0.202411102158/tools/bin/../lib/gcc/arm-none-eabi/13.3.1/../../../../arm-none-eabi/lib/thumb/v7e-m+fp/hard/libc_nano.a(libc_a-nano-svfprintf.o)
                0x0800bf9c                _svfprintf_r
                0x0800bf9c                _svfiprintf_r
 .text.sbrk_aligned
                0x0800c194       0x44 /Applications/STM32CubeIDE.app/Contents/Eclipse/plugins/com.st.stm32cube.ide.mcu.externaltools.gnu-tools-for-stm32.13.3.rel1.macos64_1.0.0.202411102158/tools/bin/../lib/gcc/arm-none-eabi/13.3.1/../../../../arm-none-eabi/lib/thumb/v7e-m+fp/hard/libc_nano.a(libc_a-mallocr.o)
 .text._malloc_r
                0x0800c1d8      0x100 /Applications/STM32CubeIDE.app/Contents/Eclipse/plugins/com.st.stm32cube.ide.mcu.externaltools.gnu-tools-for-stm32.13.3.rel1.macos64_1.0.0.202411102158/tools/bin/../lib/gcc/arm-none-eabi/13.3.1/../../../../arm-none-eabi/lib/thumb/v7e-m+fp/hard/libc_nano.a(libc_a-mallocr.o)
                0x0800c1d8                _malloc_r
 .text._printf_common
                0x0800c2d8       0xda /Applications/STM32CubeIDE.app/Contents/Eclipse/plugins/com.st.stm32cube.ide.mcu.externaltools.gnu-tools-for-stm32.13.3.rel1.macos64_1.0.0.202411102158/tools/bin/../lib/gcc/arm-none-eabi/13.3.1/../../../../arm-none-eabi/lib/thumb/v7e-m+fp/hard/libc_nano.a(libc_a-nano-vfprintf_i.o)
                0x0800c2d8                _printf_common
 *fill*         0x0800c3b2        0x2 
 .text._printf_i
                0x0800c3b4      0x23c /Applications/STM32CubeIDE.app/Contents/Eclipse/plugins/com.st.stm32cube.ide.mcu.externaltools.gnu-tools-for-stm32.13.3.rel1.macos64_1.0.0.202411102158/tools/bin/../lib/gcc/arm-none-eabi/13.3.1/../../../../arm-none-eabi/lib/thumb/v7e-m+fp/hard/libc_nano.a(libc_a-nano-vfprintf_i.o)
                0x0800c3b4                _printf_i
 .text.__malloc_lock
                0x0800c5f0        0xc /Applications/STM32CubeIDE.app/Contents/Eclipse/plugins/com.st.stm32cube.ide.mcu.externaltools.gnu-tools-for-stm32.13.3.rel1.macos64_1.0.0.202411102158/tools/bin/../lib/gcc/arm-none-eabi/13.3.1/../../../../arm-none-eabi/lib/thumb/v7e-m+fp/hard/libc_nano.a(libc_a-mlock.o)
                0x0800c5f0                __malloc_lock
 .text.__malloc_unlock
                0x0800c5fc        0xc /Applications/STM32CubeIDE.app/Contents/Eclipse/plugins/com.st.stm32cube.ide.mcu.externaltools.gnu-tools-for-stm32.13.3.rel1.macos64_1.0.0.202411102158/tools/bin/../lib/gcc/arm-none-eabi/13.3.1/../../../../arm-none-eabi/lib/thumb/v7e-m+fp/hard/libc_nano.a(libc_a-mlock.o)
                0x0800c5fc                __malloc_unlock
 .text._realloc_r
                0x0800c608       0x5c /Applications/STM32CubeIDE.app/Contents/Eclipse/plugins/com.st.stm32cube.ide.mcu.externaltools.gnu-tools-for-stm32.13.3.rel1.macos64_1.0.0.202411102158/tools/bin/../lib/gcc/arm-none-eabi/13.3.1/../../../../arm-none-eabi/lib/thumb/v7e-m+fp/hard/libc_nano.a(libc_a-reallocr.o)
                0x0800c608                _realloc_r
 .text.memmove  0x0800c664       0x34 /Applications/STM32CubeIDE.app/Contents/Eclipse/plugins/com.st.stm32cube.ide.mcu.externaltools.gnu-tools-for-stm32.13.3.rel1.macos64_1.0.0.202411102158/tools/bin/../lib/gcc/arm-none-eabi/13.3.1/../../../../arm-none-eabi/lib/thumb/v7e-m+fp/hard/libc_nano.a(libc_a-memmove.o)
                0x0800c664                memmove
 .text._sbrk_r  0x0800c698       0x20 /Applications/STM32CubeIDE.app/Contents/Eclipse/plugins/com.st.stm32cube.ide.mcu.externaltools.gnu-tools-for-stm32.13.3.rel1.macos64_1.0.0.202411102158/tools/bin/../lib/gcc/arm-none-eabi/13.3.1/../../../../arm-none-eabi/lib/thumb/v7e-m+fp/hard/libc_nano.a(libc_a-sbrkr.o)
                0x0800c698                _sbrk_r
 .text._malloc_usable_size_r
                0x0800c6b8       0x10 /Applications/STM32CubeIDE.app/Contents/Eclipse/plugins/com.st.stm32cube.ide.mcu.externaltools.gnu-tools-for-stm32.13.3.rel1.macos64_1.0.0.202411102158/tools/bin/../lib/gcc/arm-none-eabi/13.3.1/../../../../arm-none-eabi/lib/thumb/v7e-m+fp/hard/libc_nano.a(libc_a-msizer.o)
                0x0800c6b8                _malloc_usable_size_r
 .text.sinf     0x0800c6c8       0x8c /Applications/STM32CubeIDE.app/Contents/Eclipse/plugins/com.st.stm32cube.ide.mcu.externaltools.gnu-tools-for-stm32.13.3.rel1.macos64_1.0.0.202411102158/tools/bin/../lib/gcc/arm-none-eabi/13.3.1/../../../../arm-none-eabi/lib/thumb/v7e-m+fp/hard/libm.a(libm_a-sf_sin.o)
                0x0800c6c8                sinf
 .text.__kernel_cosf
                0x0800c754       0xb0 /Applications/STM32CubeIDE.app/Contents/Eclipse/plugins/com.st.stm32cube.ide.mcu.externaltools.gnu-tools-for-stm32.13.3.rel1.macos64_1.0.0.202411102158/tools/bin/../lib/gcc/arm-none-eabi/13.3.1/../../../../arm-none-eabi/lib/thumb/v7e-m+fp/hard/libm.a(libm_a-kf_cos.o)
                0x0800c754                __kernel_cosf
 .text.__kernel_sinf
                0x0800c804       0x90 /Applications/STM32CubeIDE.app/Contents/Eclipse/plugins/com.st.stm32cube.ide.mcu.externaltools.gnu-tools-for-stm32.13.3.rel1.macos64_1.0.0.202411102158/tools/bin/../lib/gcc/arm-none-eabi/13.3.1/../../../../arm-none-eabi/lib/thumb/v7e-m+fp/hard/libm.a(libm_a-kf_sin.o)
                0x0800c804                __kernel_sinf
 .text.__ieee754_rem_pio2f
                0x0800c894      0x260 /Applications/STM32CubeIDE.app/Contents/Eclipse/plugins/com.st.stm32cube.ide.mcu.externaltools.gnu-tools-for-stm32.13.3.rel1.macos64_1.0.0.202411102158/tools/bin/../lib/gcc/arm-none-eabi/13.3.1/../../../../arm-none-eabi/lib/thumb/v7e-m+fp/hard/libm.a(libm_a-ef_rem_pio2.o)
                0x0800c894                __ieee754_rem_pio2f
 .text.fabsf    0x0800caf4        0xe /Applications/STM32CubeIDE.app/Contents/Eclipse/plugins/com.st.stm32cube.ide.mcu.externaltools.gnu-tools-for-stm32.13.3.rel1.macos64_1.0.0.202411102158/tools/bin/../lib/gcc/arm-none-eabi/13.3.1/../../../../arm-none-eabi/lib/thumb/v7e-m+fp/hard/libm.a(libm_a-sf_fabs.o)
                0x0800caf4                fabsf
 *fill*         0x0800cb02        0x2 
 .text.__kernel_rem_pio2f
                0x0800cb04      0x4d0 /Applications/STM32CubeIDE.app/Contents/Eclipse/plugins/com.st.stm32cube.ide.mcu.externaltools.gnu-tools-for-stm32.13.3.rel1.macos64_1.0.0.202411102158/tools/bin/../lib/gcc/arm-none-eabi/13.3.1/../../../../arm-none-eabi/lib/thumb/v7e-m+fp/hard/libm.a(libm_a-kf_rem_pio2.o)
                0x0800cb04                __kernel_rem_pio2f
 .text.floorf   0x0800cfd4       0x88 /Applications/STM32CubeIDE.app/Contents/Eclipse/plugins/com.st.stm32cube.ide.mcu.externaltools.gnu-tools-for-stm32.13.3.rel1.macos64_1.0.0.202411102158/tools/bin/../lib/gcc/arm-none-eabi/13.3.1/../../../../arm-none-eabi/lib/thumb/v7e-m+fp/hard/libm.a(libm_a-sf_floor.o)
                0x0800cfd4                floorf
 .text.scalbnf  0x0800d05c       0xcc /Applications/STM32CubeIDE.app/Contents/Eclipse/plugins/com.st.stm32cube.ide.mcu.externaltools.gnu-tools-for-stm32.13.3.rel1.macos64_1.0.0.202411102158/tools/bin/../lib/gcc/arm-none-eabi/13.3.1/../../../../arm-none-eabi/lib/thumb/v7e-m+fp/hard/libm.a(libm_a-sf_scalbn.o)
                0x0800d05c                scalbnf
 *(.glue_7)
 .glue_7        0x0800d128        0x0 linker stubs
 *(.glue_7t)
 .glue_7t       0x0800d128        0x0 linker stubs
 *(.eh_frame)
 .eh_frame      0x0800d128        0x0 /Applications/STM32CubeIDE.app/Contents/Eclipse/plugins/com.st.stm32cube.ide.mcu.externaltools.gnu-tools-for-stm32.13.3.rel1.macos64_1.0.0.202411102158/tools/bin/../lib/gcc/arm-none-eabi/13.3.1/thumb/v7e-m+fp/hard/crtbegin.o
 *(.init)
 .init          0x0800d128        0x4 /Applications/STM32CubeIDE.app/Contents/Eclipse/plugins/com.st.stm32cube.ide.mcu.externaltools.gnu-tools-for-stm32.13.3.rel1.macos64_1.0.0.202411102158/tools/bin/../lib/gcc/arm-none-eabi/13.3.1/thumb/v7e-m+fp/hard/crti.o
                0x0800d128                _init
 .init          0x0800d12c        0x8 /Applications/STM32CubeIDE.app/Contents/Eclipse/plugins/com.st.stm32cube.ide.mcu.externaltools.gnu-tools-for-stm32.13.3.rel1.macos64_1.0.0.202411102158/tools/bin/../lib/gcc/arm-none-eabi/13.3.1/thumb/v7e-m+fp/hard/crtn.o
 *(.fini)
 .fini          0x0800d134        0x4 /Applications/STM32CubeIDE.app/Contents/Eclipse/plugins/com.st.stm32cube.ide.mcu.externaltools.gnu-tools-for-stm32.13.3.rel1.macos64_1.0.0.202411102158/tools/bin/../lib/gcc/arm-none-eabi/13.3.1/thumb/v7e-m+fp/hard/crti.o
                0x0800d134                _fini
 .fini          0x0800d138        0x8 /Applications/STM32CubeIDE.app/Contents/Eclipse/plugins/com.st.stm32cube.ide.mcu.externaltools.gnu-tools-for-stm32.13.3.rel1.macos64_1.0.0.202411102158/tools/bin/../lib/gcc/arm-none-eabi/13.3.1/thumb/v7e-m+fp/hard/crtn.o
                0x0800d140                        . = ALIGN (0x4)
                0x0800d140                        _etext = .

.vfp11_veneer   0x0800d140        0x0
 .vfp11_veneer  0x0800d140        0x0 linker stubs

.v4_bx          0x0800d140        0x0
 .v4_bx         0x0800d140        0x0 linker stubs

.iplt           0x0800d140        0x0
 .iplt          0x0800d140        0x0 /Applications/STM32CubeIDE.app/Contents/Eclipse/plugins/com.st.stm32cube.ide.mcu.externaltools.gnu-tools-for-stm32.13.3.rel1.macos64_1.0.0.202411102158/tools/bin/../lib/gcc/arm-none-eabi/13.3.1/thumb/v7e-m+fp/hard/crtbegin.o

.rodata         0x0800d140      0x700
                0x0800d140                        . = ALIGN (0x4)
 *(.rodata)
 .rodata        0x0800d140      0x282 ./Core/Src/freertos.o
 *fill*         0x0800d3c2        0x2 
 .rodata        0x0800d3c4        0x5 ./Middlewares/Third_Party/FreeRTOS/Source/tasks.o
 *(.rodata*)
 *fill*         0x0800d3c9        0x3 
 .rodata.AHBPrescTable
                0x0800d3cc       0x10 ./Core/Src/system_stm32l4xx.o
                0x0800d3cc                AHBPrescTable
 .rodata.APBPrescTable
                0x0800d3dc        0x8 ./Core/Src/system_stm32l4xx.o
                0x0800d3dc                APBPrescTable
 .rodata.MSIRangeTable
                0x0800d3e4       0x30 ./Core/Src/system_stm32l4xx.o
                0x0800d3e4                MSIRangeTable
 .rodata.UARTPrescTable
                0x0800d414       0x18 ./Drivers/STM32L4xx_HAL_Driver/Src/stm32l4xx_hal_uart.o
                0x0800d414                UARTPrescTable
 .rodata.numerator.1
                0x0800d42c        0x8 ./Drivers/STM32L4xx_HAL_Driver/Src/stm32l4xx_hal_uart_ex.o
 .rodata.denominator.0
                0x0800d434        0x8 ./Drivers/STM32L4xx_HAL_Driver/Src/stm32l4xx_hal_uart_ex.o
 .rodata._svfprintf_r.str1.1
                0x0800d43c       0x33 /Applications/STM32CubeIDE.app/Contents/Eclipse/plugins/com.st.stm32cube.ide.mcu.externaltools.gnu-tools-for-stm32.13.3.rel1.macos64_1.0.0.202411102158/tools/bin/../lib/gcc/arm-none-eabi/13.3.1/../../../../arm-none-eabi/lib/thumb/v7e-m+fp/hard/libc_nano.a(libc_a-nano-svfprintf.o)
                                 0x11 (size before relaxing)
 .rodata._printf_i.str1.1
                0x0800d46f       0x22 /Applications/STM32CubeIDE.app/Contents/Eclipse/plugins/com.st.stm32cube.ide.mcu.externaltools.gnu-tools-for-stm32.13.3.rel1.macos64_1.0.0.202411102158/tools/bin/../lib/gcc/arm-none-eabi/13.3.1/../../../../arm-none-eabi/lib/thumb/v7e-m+fp/hard/libc_nano.a(libc_a-nano-vfprintf_i.o)
 *fill*         0x0800d46f        0x1 
 .rodata.npio2_hw
                0x0800d470       0x80 /Applications/STM32CubeIDE.app/Contents/Eclipse/plugins/com.st.stm32cube.ide.mcu.externaltools.gnu-tools-for-stm32.13.3.rel1.macos64_1.0.0.202411102158/tools/bin/../lib/gcc/arm-none-eabi/13.3.1/../../../../arm-none-eabi/lib/thumb/v7e-m+fp/hard/libm.a(libm_a-ef_rem_pio2.o)
 .rodata.two_over_pi
                0x0800d4f0      0x318 /Applications/STM32CubeIDE.app/Contents/Eclipse/plugins/com.st.stm32cube.ide.mcu.externaltools.gnu-tools-for-stm32.13.3.rel1.macos64_1.0.0.202411102158/tools/bin/../lib/gcc/arm-none-eabi/13.3.1/../../../../arm-none-eabi/lib/thumb/v7e-m+fp/hard/libm.a(libm_a-ef_rem_pio2.o)
 .rodata.PIo2   0x0800d808       0x2c /Applications/STM32CubeIDE.app/Contents/Eclipse/plugins/com.st.stm32cube.ide.mcu.externaltools.gnu-tools-for-stm32.13.3.rel1.macos64_1.0.0.202411102158/tools/bin/../lib/gcc/arm-none-eabi/13.3.1/../../../../arm-none-eabi/lib/thumb/v7e-m+fp/hard/libm.a(libm_a-kf_rem_pio2.o)
 .rodata.init_jk
                0x0800d834        0xc /Applications/STM32CubeIDE.app/Contents/Eclipse/plugins/com.st.stm32cube.ide.mcu.externaltools.gnu-tools-for-stm32.13.3.rel1.macos64_1.0.0.202411102158/tools/bin/../lib/gcc/arm-none-eabi/13.3.1/../../../../arm-none-eabi/lib/thumb/v7e-m+fp/hard/libm.a(libm_a-kf_rem_pio2.o)
                0x0800d840                        . = ALIGN (0x4)

.ARM.extab      0x0800d840        0x0
                0x0800d840                        . = ALIGN (0x4)
 *(.ARM.extab* .gnu.linkonce.armextab.*)
                0x0800d840                        . = ALIGN (0x4)

.ARM            0x0800d840        0x8
                0x0800d840                        . = ALIGN (0x4)
                0x0800d840                        __exidx_start = .
 *(.ARM.exidx*)
 .ARM.exidx     0x0800d840        0x8 /Applications/STM32CubeIDE.app/Contents/Eclipse/plugins/com.st.stm32cube.ide.mcu.externaltools.gnu-tools-for-stm32.13.3.rel1.macos64_1.0.0.202411102158/tools/bin/../lib/gcc/arm-none-eabi/13.3.1/../../../../arm-none-eabi/lib/thumb/v7e-m+fp/hard/libc_nano.a(libc_a-memchr.o)
 .ARM.exidx     0x0800d848        0x0 /Applications/STM32CubeIDE.app/Contents/Eclipse/plugins/com.st.stm32cube.ide.mcu.externaltools.gnu-tools-for-stm32.13.3.rel1.macos64_1.0.0.202411102158/tools/bin/../lib/gcc/arm-none-eabi/13.3.1/thumb/v7e-m+fp/hard/libgcc.a(_udivmoddi4.o)
                                  0x8 (size before relaxing)
                0x0800d848                        __exidx_end = .
                0x0800d848                        . = ALIGN (0x4)

.preinit_array  0x0800d848        0x0
                0x0800d848                        . = ALIGN (0x4)
                0x0800d848                        PROVIDE (__preinit_array_start = .)
 *(.preinit_array*)
                0x0800d848                        PROVIDE (__preinit_array_end = .)
                0x0800d848                        . = ALIGN (0x4)

.init_array     0x0800d848        0x4
                0x0800d848                        . = ALIGN (0x4)
                0x0800d848                        PROVIDE (__init_array_start = .)
 *(SORT_BY_NAME(.init_array.*))
 *(.init_array*)
 .init_array    0x0800d848        0x4 /Applications/STM32CubeIDE.app/Contents/Eclipse/plugins/com.st.stm32cube.ide.mcu.externaltools.gnu-tools-for-stm32.13.3.rel1.macos64_1.0.0.202411102158/tools/bin/../lib/gcc/arm-none-eabi/13.3.1/thumb/v7e-m+fp/hard/crtbegin.o
                0x0800d84c                        PROVIDE (__init_array_end = .)
                0x0800d84c                        . = ALIGN (0x4)

.fini_array     0x0800d84c        0x4
                0x0800d84c                        . = ALIGN (0x4)
                [!provide]                        PROVIDE (__fini_array_start = .)
 *(SORT_BY_NAME(.fini_array.*))
 *(.fini_array*)
 .fini_array    0x0800d84c        0x4 /Applications/STM32CubeIDE.app/Contents/Eclipse/plugins/com.st.stm32cube.ide.mcu.externaltools.gnu-tools-for-stm32.13.3.rel1.macos64_1.0.0.202411102158/tools/bin/../lib/gcc/arm-none-eabi/13.3.1/thumb/v7e-m+fp/hard/crtbegin.o
                [!provide]                        PROVIDE (__fini_array_end = .)
                0x0800d850                        . = ALIGN (0x4)
                0x0800d850                        _sidata = LOADADDR (.data)

.rel.dyn        0x0800d850        0x0
 .rel.iplt      0x0800d850        0x0 /Applications/STM32CubeIDE.app/Contents/Eclipse/plugins/com.st.stm32cube.ide.mcu.externaltools.gnu-tools-for-stm32.13.3.rel1.macos64_1.0.0.202411102158/tools/bin/../lib/gcc/arm-none-eabi/13.3.1/thumb/v7e-m+fp/hard/crtbegin.o

.data           0x20000000       0x98 load address 0x0800d850
                0x20000000                        . = ALIGN (0x4)
                0x20000000                        _sdata = .
 *(.data)
 *(.data*)
 .data.s_audioThreshold
                0x20000000        0x4 ./Core/Src/freertos.o
 .data.SystemCoreClock
                0x20000004        0x4 ./Core/Src/system_stm32l4xx.o
                0x20000004                SystemCoreClock
 .data.Lsm6dslAccDrv
                0x20000008       0x34 ./Drivers/Components/lsm6dsl/lsm6dsl.o
                0x20000008                Lsm6dslAccDrv
 .data.uwTickPrio
                0x2000003c        0x4 ./Drivers/STM32L4xx_HAL_Driver/Src/stm32l4xx_hal.o
                0x2000003c                uwTickPrio
 .data.uwTickFreq
                0x20000040        0x1 ./Drivers/STM32L4xx_HAL_Driver/Src/stm32l4xx_hal.o
                0x20000040                uwTickFreq
 *fill*         0x20000041        0x3 
 .data.uxCriticalNesting
                0x20000044        0x4 ./Middlewares/Third_Party/FreeRTOS/Source/portable/GCC/ARM_CM4F/port.o
 .data._impure_ptr
                0x20000048        0x4 /Applications/STM32CubeIDE.app/Contents/Eclipse/plugins/com.st.stm32cube.ide.mcu.externaltools.gnu-tools-for-stm32.13.3.rel1.macos64_1.0.0.202411102158/tools/bin/../lib/gcc/arm-none-eabi/13.3.1/../../../../arm-none-eabi/lib/thumb/v7e-m+fp/hard/libc_nano.a(libc_a-impure.o)
                0x20000048                _impure_ptr
 .data._impure_data
                0x2000004c       0x4c /Applications/STM32CubeIDE.app/Contents/Eclipse/plugins/com.st.stm32cube.ide.mcu.externaltools.gnu-tools-for-stm32.13.3.rel1.macos64_1.0.0.202411102158/tools/bin/../lib/gcc/arm-none-eabi/13.3.1/../../../../arm-none-eabi/lib/thumb/v7e-m+fp/hard/libc_nano.a(libc_a-impure.o)
                0x2000004c                _impure_data
 *(.RamFunc)
 *(.RamFunc*)
                0x20000098                        . = ALIGN (0x4)
                0x20000098                        _edata = .

.igot.plt       0x20000098        0x0 load address 0x0800d8e8
 .igot.plt      0x20000098        0x0 /Applications/STM32CubeIDE.app/Contents/Eclipse/plugins/com.st.stm32cube.ide.mcu.externaltools.gnu-tools-for-stm32.13.3.rel1.macos64_1.0.0.202411102158/tools/bin/../lib/gcc/arm-none-eabi/13.3.1/thumb/v7e-m+fp/hard/crtbegin.o
                0x20000098                        . = ALIGN (0x4)

.bss            0x20000098     0x831c load address 0x0800d8e8
                0x20000098                        _sbss = .
                0x20000098                        __bss_start__ = _sbss
 *(.bss)
 .bss           0x20000098       0x1c /Applications/STM32CubeIDE.app/Contents/Eclipse/plugins/com.st.stm32cube.ide.mcu.externaltools.gnu-tools-for-stm32.13.3.rel1.macos64_1.0.0.202411102158/tools/bin/../lib/gcc/arm-none-eabi/13.3.1/thumb/v7e-m+fp/hard/crtbegin.o
 *(.bss*)
 .bss.hdac1     0x200000b4       0x14 ./Core/Src/dac.o
                0x200000b4                hdac1
 .bss.hdma_dac1_ch1
                0x200000c8       0x60 ./Core/Src/dac.o
                0x200000c8                hdma_dac1_ch1
 .bss.hdfsdm1_filter0
                0x20000128       0x54 ./Core/Src/dfsdm.o
                0x20000128                hdfsdm1_filter0
 .bss.hdfsdm1_channel2
                0x2000017c       0x38 ./Core/Src/dfsdm.o
                0x2000017c                hdfsdm1_channel2
 .bss.hdma_dfsdm1_flt0
                0x200001b4       0x60 ./Core/Src/dfsdm.o
                0x200001b4                hdma_dfsdm1_flt0
 .bss.HAL_RCC_DFSDM1_CLK_ENABLED
                0x20000214        0x4 ./Core/Src/dfsdm.o
 .bss.DFSDM1_Init
                0x20000218        0x4 ./Core/Src/dfsdm.o
 .bss.xIdleTaskTCBBuffer
                0x2000021c       0xa0 ./Core/Src/freertos.o
 .bss.xIdleStack
                0x200002bc      0x200 ./Core/Src/freertos.o
 .bss.audioProcessingTaskNativeHandle
                0x200004bc        0x4 ./Core/Src/freertos.o
 .bss.alarmEventQueue
                0x200004c0        0x4 ./Core/Src/freertos.o
 .bss.alarmEventQueueStruct
                0x200004c4       0x48 ./Core/Src/freertos.o
 .bss.alarmEventQueueStorage
                0x2000050c       0x20 ./Core/Src/freertos.o
 .bss.s_audioReadyMask
                0x2000052c        0x4 ./Core/Src/freertos.o
 .bss.s_audioDmaBuffer
                0x20000530      0x400 ./Core/Src/freertos.o
 .bss.s_alarmWaveform
                0x20000930       0x14 ./Core/Src/freertos.o
 .bss.s_lastAudioAlarmTick
                0x20000944        0x4 ./Core/Src/freertos.o
 .bss.s_alarmOutputActive
                0x20000948        0x1 ./Core/Src/freertos.o
 .bss.s_audioCalibrationDone
                0x20000949        0x1 ./Core/Src/freertos.o
 *fill*         0x2000094a        0x6 
 .bss.s_audioCalibrationAccum
                0x20000950        0x8 ./Core/Src/freertos.o
 .bss.s_audioCalibrationCount
                0x20000958        0x4 ./Core/Src/freertos.o
 .bss.audioProcessingHandle
                0x2000095c        0x4 ./Core/Src/freertos.o
                0x2000095c                audioProcessingHandle
 .bss.alarmTaskHandle
                0x20000960        0x4 ./Core/Src/freertos.o
                0x20000960                alarmTaskHandle
 .bss.motionTaskHandle
                0x20000964        0x4 ./Core/Src/freertos.o
                0x20000964                motionTaskHandle
 .bss.frameEnergy
                0x20000968        0x4 ./Core/Src/freertos.o
 .bss.audio_called_n
                0x2000096c        0x4 ./Core/Src/freertos.o
 .bss.hi2c2     0x20000970       0x54 ./Core/Src/i2c.o
                0x20000970                hi2c2
 .bss.hospi1    0x200009c4       0x50 ./Core/Src/octospi.o
                0x200009c4                hospi1
 .bss.hrtc      0x20000a14       0x24 ./Core/Src/rtc.o
                0x20000a14                hrtc
 .bss.hI2cHandler
                0x20000a38       0x54 ./Core/Src/stm32l4s5i_iot01.o
                0x20000a38                hI2cHandler
 .bss.AccelerometerDrv
                0x20000a8c        0x4 ./Core/Src/stm32l4s5i_iot01_accelero.o
 .bss.htim6     0x20000a90       0x4c ./Core/Src/stm32l4xx_hal_timebase_tim.o
                0x20000a90                htim6
 .bss.__sbrk_heap_end
                0x20000adc        0x4 ./Core/Src/sysmem.o
 .bss.htim2     0x20000ae0       0x4c ./Core/Src/tim.o
                0x20000ae0                htim2
 .bss.huart1    0x20000b2c       0x94 ./Core/Src/usart.o
                0x20000b2c                huart1
 .bss.uwTick    0x20000bc0        0x4 ./Drivers/STM32L4xx_HAL_Driver/Src/stm32l4xx_hal.o
                0x20000bc0                uwTick
 .bss.v_dfsdm1ChannelCounter
                0x20000bc4        0x4 ./Drivers/STM32L4xx_HAL_Driver/Src/stm32l4xx_hal_dfsdm.o
 .bss.a_dfsdm1ChannelHandle
                0x20000bc8       0x20 ./Drivers/STM32L4xx_HAL_Driver/Src/stm32l4xx_hal_dfsdm.o
 .bss.pxCurrentTCB
                0x20000be8        0x4 ./Middlewares/Third_Party/FreeRTOS/Source/tasks.o
                0x20000be8                pxCurrentTCB
 .bss.pxReadyTasksLists
                0x20000bec       0x8c ./Middlewares/Third_Party/FreeRTOS/Source/tasks.o
 .bss.xDelayedTaskList1
                0x20000c78       0x14 ./Middlewares/Third_Party/FreeRTOS/Source/tasks.o
 .bss.xDelayedTaskList2
                0x20000c8c       0x14 ./Middlewares/Third_Party/FreeRTOS/Source/tasks.o
 .bss.pxDelayedTaskList
                0x20000ca0        0x4 ./Middlewares/Third_Party/FreeRTOS/Source/tasks.o
 .bss.pxOverflowDelayedTaskList
                0x20000ca4        0x4 ./Middlewares/Third_Party/FreeRTOS/Source/tasks.o
 .bss.xPendingReadyList
                0x20000ca8       0x14 ./Middlewares/Third_Party/FreeRTOS/Source/tasks.o
 .bss.xTasksWaitingTermination
                0x20000cbc       0x14 ./Middlewares/Third_Party/FreeRTOS/Source/tasks.o
 .bss.uxDeletedTasksWaitingCleanUp
                0x20000cd0        0x4 ./Middlewares/Third_Party/FreeRTOS/Source/tasks.o
 .bss.xSuspendedTaskList
                0x20000cd4       0x14 ./Middlewares/Third_Party/FreeRTOS/Source/tasks.o
 .bss.uxCurrentNumberOfTasks
                0x20000ce8        0x4 ./Middlewares/Third_Party/FreeRTOS/Source/tasks.o
 .bss.xTickCount
                0x20000cec        0x4 ./Middlewares/Third_Party/FreeRTOS/Source/tasks.o
 .bss.uxTopReadyPriority
                0x20000cf0        0x4 ./Middlewares/Third_Party/FreeRTOS/Source/tasks.o
 .bss.xSchedulerRunning
                0x20000cf4        0x4 ./Middlewares/Third_Party/FreeRTOS/Source/tasks.o
 .bss.xPendedTicks
                0x20000cf8        0x4 ./Middlewares/Third_Party/FreeRTOS/Source/tasks.o
 .bss.xYieldPending
                0x20000cfc        0x4 ./Middlewares/Third_Party/FreeRTOS/Source/tasks.o
 .bss.xNumOfOverflows
                0x20000d00        0x4 ./Middlewares/Third_Party/FreeRTOS/Source/tasks.o
 .bss.uxTaskNumber
                0x20000d04        0x4 ./Middlewares/Third_Party/FreeRTOS/Source/tasks.o
 .bss.xNextTaskUnblockTime
                0x20000d08        0x4 ./Middlewares/Third_Party/FreeRTOS/Source/tasks.o
 .bss.xIdleTaskHandle
                0x20000d0c        0x4 ./Middlewares/Third_Party/FreeRTOS/Source/tasks.o
 .bss.uxSchedulerSuspended
                0x20000d10        0x4 ./Middlewares/Third_Party/FreeRTOS/Source/tasks.o
 .bss.ucMaxSysCallPriority
                0x20000d14        0x1 ./Middlewares/Third_Party/FreeRTOS/Source/portable/GCC/ARM_CM4F/port.o
 *fill*         0x20000d15        0x3 
 .bss.ulMaxPRIGROUPValue
                0x20000d18        0x4 ./Middlewares/Third_Party/FreeRTOS/Source/portable/GCC/ARM_CM4F/port.o
 .bss.ucHeap    0x20000d1c     0x7530 ./Middlewares/Third_Party/FreeRTOS/Source/portable/MemMang/heap_4.o
 .bss.xStart    0x2000824c        0x8 ./Middlewares/Third_Party/FreeRTOS/Source/portable/MemMang/heap_4.o
 .bss.pxEnd     0x20008254        0x4 ./Middlewares/Third_Party/FreeRTOS/Source/portable/MemMang/heap_4.o
 .bss.xFreeBytesRemaining
                0x20008258        0x4 ./Middlewares/Third_Party/FreeRTOS/Source/portable/MemMang/heap_4.o
 .bss.xMinimumEverFreeBytesRemaining
                0x2000825c        0x4 ./Middlewares/Third_Party/FreeRTOS/Source/portable/MemMang/heap_4.o
 .bss.xNumberOfSuccessfulAllocations
                0x20008260        0x4 ./Middlewares/Third_Party/FreeRTOS/Source/portable/MemMang/heap_4.o
 .bss.xNumberOfSuccessfulFrees
                0x20008264        0x4 ./Middlewares/Third_Party/FreeRTOS/Source/portable/MemMang/heap_4.o
 .bss.xBlockAllocatedBit
                0x20008268        0x4 ./Middlewares/Third_Party/FreeRTOS/Source/portable/MemMang/heap_4.o
 .bss.__sf      0x2000826c      0x138 /Applications/STM32CubeIDE.app/Contents/Eclipse/plugins/com.st.stm32cube.ide.mcu.externaltools.gnu-tools-for-stm32.13.3.rel1.macos64_1.0.0.202411102158/tools/bin/../lib/gcc/arm-none-eabi/13.3.1/../../../../arm-none-eabi/lib/thumb/v7e-m+fp/hard/libc_nano.a(libc_a-findfp.o)
                0x2000826c                __sf
 .bss.__lock___malloc_recursive_mutex
                0x200083a4        0x1 /Applications/STM32CubeIDE.app/Contents/Eclipse/plugins/com.st.stm32cube.ide.mcu.externaltools.gnu-tools-for-stm32.13.3.rel1.macos64_1.0.0.202411102158/tools/bin/../lib/gcc/arm-none-eabi/13.3.1/../../../../arm-none-eabi/lib/thumb/v7e-m+fp/hard/libc_nano.a(libc_a-lock.o)
                0x200083a4                __lock___malloc_recursive_mutex
 *fill*         0x200083a5        0x3 
 .bss.errno     0x200083a8        0x4 /Applications/STM32CubeIDE.app/Contents/Eclipse/plugins/com.st.stm32cube.ide.mcu.externaltools.gnu-tools-for-stm32.13.3.rel1.macos64_1.0.0.202411102158/tools/bin/../lib/gcc/arm-none-eabi/13.3.1/../../../../arm-none-eabi/lib/thumb/v7e-m+fp/hard/libc_nano.a(libc_a-reent.o)
                0x200083a8                errno
 .bss.__malloc_sbrk_start
                0x200083ac        0x4 /Applications/STM32CubeIDE.app/Contents/Eclipse/plugins/com.st.stm32cube.ide.mcu.externaltools.gnu-tools-for-stm32.13.3.rel1.macos64_1.0.0.202411102158/tools/bin/../lib/gcc/arm-none-eabi/13.3.1/../../../../arm-none-eabi/lib/thumb/v7e-m+fp/hard/libc_nano.a(libc_a-mallocr.o)
                0x200083ac                __malloc_sbrk_start
 .bss.__malloc_free_list
                0x200083b0        0x4 /Applications/STM32CubeIDE.app/Contents/Eclipse/plugins/com.st.stm32cube.ide.mcu.externaltools.gnu-tools-for-stm32.13.3.rel1.macos64_1.0.0.202411102158/tools/bin/../lib/gcc/arm-none-eabi/13.3.1/../../../../arm-none-eabi/lib/thumb/v7e-m+fp/hard/libc_nano.a(libc_a-mallocr.o)
                0x200083b0                __malloc_free_list
 *(COMMON)
                0x200083b4                        . = ALIGN (0x4)
                0x200083b4                        _ebss = .
                0x200083b4                        __bss_end__ = _ebss

._user_heap_stack
                0x200083b4      0x604 load address 0x0800d8e8
                0x200083b8                        . = ALIGN (0x8)
 *fill*         0x200083b4        0x4 
                [!provide]                        PROVIDE (end = .)
                0x200083b8                        PROVIDE (_end = .)
                0x200085b8                        . = (. + _Min_Heap_Size)
 *fill*         0x200083b8      0x200 
                0x200089b8                        . = (. + _Min_Stack_Size)
 *fill*         0x200085b8      0x400 
                0x200089b8                        . = ALIGN (0x8)

/DISCARD/
 libc.a(*)
 libm.a(*)
 libgcc.a(*)

.ARM.attributes
                0x00000000       0x30
 *(.ARM.attributes)
 .ARM.attributes
                0x00000000       0x22 /Applications/STM32CubeIDE.app/Contents/Eclipse/plugins/com.st.stm32cube.ide.mcu.externaltools.gnu-tools-for-stm32.13.3.rel1.macos64_1.0.0.202411102158/tools/bin/../lib/gcc/arm-none-eabi/13.3.1/thumb/v7e-m+fp/hard/crti.o
 .ARM.attributes
                0x00000022       0x34 /Applications/STM32CubeIDE.app/Contents/Eclipse/plugins/com.st.stm32cube.ide.mcu.externaltools.gnu-tools-for-stm32.13.3.rel1.macos64_1.0.0.202411102158/tools/bin/../lib/gcc/arm-none-eabi/13.3.1/thumb/v7e-m+fp/hard/crtbegin.o
 .ARM.attributes