../Core/Src/freertos.c:126:6:vApplicationStackOverflowHook	16	static
../Core/Src/freertos.c:144:6:vApplicationGetIdleTaskMemory	24	static
../Core/Src/freertos.c:157:6:MX_FREERTOS_Init	112	static,ignoring_inline_asm
../Core/Src/freertos.c:212:6:AudioProcessingTask	24	static
../Core/Src/freertos.c:263:6:AlarmTask	32	static
../Core/Src/freertos.c:307:6:MotionTask	48	static
../Core/Src/freertos.c:348:13:DispatchAlarmEvent	24	static
../Core/Src/freertos.c:367:13:AnalyzeAudioFrame	32	static
../Core/Src/freertos.c:384:13:InitAlarmWaveform	24	static
../Core/Src/freertos.c:399:18:CalculateFrameEnergy	24	static
../Core/Src/freertos.c:406:26:StartAlarmOutput	24	static
../Core/Src/freertos.c:430:13:StopAlarmOutput	8	static
../Core/Src/freertos.c:438:13:DebugPrint	144	static
../Core/Src/freertos.c:464:6:HAL_DFSDM_FilterRegConvHalfCpltCallback	24	static,ignoring_inline_asm
../Core/Src/freertos.c:495:6:HAL_DFSDM_FilterRegConvCpltCallback	32	static,ignoring_inline_asm
