../Core/Src/freertos.c:111:6:vApplicationStackOverflowHook	16	static
../Core/Src/freertos.c:127:6:vApplicationGetIdleTaskMemory	24	static
../Core/Src/freertos.c:140:6:MX_FREERTOS_Init	112	static,ignoring_inline_asm
../Core/Src/freertos.c:195:6:AudioProcessingTask	24	static
../Core/Src/freertos.c:248:6:AlarmTask	32	static
../Core/Src/freertos.c:302:6:MotionTask	48	static
../Core/Src/freertos.c:348:13:DispatchAlarmEvent	24	static
../Core/Src/freertos.c:368:13:AnalyzeAudioFrame	24	static
../Core/Src/freertos.c:404:13:InitAlarmWaveform	24	static
../Core/Src/freertos.c:417:17:CalculateFrameEnergy	32	static
../Core/Src/freertos.c:445:26:StartAlarmOutput	24	static
../Core/Src/freertos.c:470:13:StopAlarmOutput	8	static
../Core/Src/freertos.c:479:13:DebugPrint	144	static
../Core/Src/freertos.c:505:6:HAL_DFSDM_FilterRegConvHalfCpltCallback	24	static,ignoring_inline_asm
../Core/Src/freertos.c:532:6:HAL_DFSDM_FilterRegConvCpltCallback	24	static,ignoring_inline_asm
../Core/Src/freertos.c:568:6:HAL_GPIO_EXTI_Callback	16	static
../Core/Src/freertos.c:576:6:vApplicationIdleHook	8	static
