../Core/Src/freertos.c:115:6:vApplicationStackOverflowHook	16	static
../Core/Src/freertos.c:131:6:vApplicationGetIdleTaskMemory	24	static
../Core/Src/freertos.c:144:6:MX_FREERTOS_Init	112	static,ignoring_inline_asm
../Core/Src/freertos.c:199:6:AudioProcessingTask	24	static
../Core/Src/freertos.c:257:6:AlarmTask	32	static
../Core/Src/freertos.c:297:6:MotionTask	48	static
../Core/Src/freertos.c:343:13:DispatchAlarmEvent	24	static
../Core/Src/freertos.c:363:13:AnalyzeAudioFrame	48	static
../Core/Src/freertos.c:412:13:InitAlarmWaveform	24	static
../Core/Src/freertos.c:425:17:CalculateFrameEnergy	32	static
../Core/Src/freertos.c:453:26:StartAlarmOutput	24	static
../Core/Src/freertos.c:478:13:StopAlarmOutput	8	static
../Core/Src/freertos.c:487:13:DebugPrint	144	static
../Core/Src/freertos.c:513:6:HAL_DFSDM_FilterRegConvHalfCpltCallback	24	static,ignoring_inline_asm
../Core/Src/freertos.c:540:6:HAL_DFSDM_FilterRegConvCpltCallback	24	static,ignoring_inline_asm
../Core/Src/freertos.c:567:6:HAL_GPIO_EXTI_Callback	16	static
../Core/Src/freertos.c:572:6:vApplicationIdleHook	8	static
