../Core/Src/freertos.c:128:6:vApplicationStackOverflowHook	16	static
../Core/Src/freertos.c:146:6:vApplicationGetIdleTaskMemory	24	static
../Core/Src/freertos.c:159:6:MX_FREERTOS_Init	112	static,ignoring_inline_asm
../Core/Src/freertos.c:214:6:AudioProcessingTask	536	static
../Core/Src/freertos.c:264:6:AlarmTask	32	static
../Core/Src/freertos.c:308:6:MotionTask	48	static
../Core/Src/freertos.c:349:13:DispatchAlarmEvent	24	static
../Core/Src/freertos.c:368:13:AnalyzeAudioFrame	88	static
../Core/Src/freertos.c:414:13:InitAlarmWaveform	24	static
../Core/Src/freertos.c:429:18:CalculateFrameEnergy	32	static
../Core/Src/freertos.c:447:26:StartAlarmOutput	24	static
../Core/Src/freertos.c:471:13:StopAlarmOutput	8	static
../Core/Src/freertos.c:479:13:DebugPrint	144	static
../Core/Src/freertos.c:505:6:HAL_DFSDM_FilterRegConvHalfCpltCallback	24	static,ignoring_inline_asm
../Core/Src/freertos.c:532:6:HAL_DFSDM_FilterRegConvCpltCallback	24	static,ignoring_inline_asm
