../Core/Src/freertos.c:118:6:vApplicationStackOverflowHook	16	static
../Core/Src/freertos.c:134:6:vApplicationGetIdleTaskMemory	24	static
../Core/Src/freertos.c:147:6:MX_FREERTOS_Init	112	static,ignoring_inline_asm
../Core/Src/freertos.c:202:6:AudioProcessingTask	24	static
../Core/Src/freertos.c:249:6:AlarmTask	40	static
../Core/Src/freertos.c:302:6:MotionTask	48	static
../Core/Src/freertos.c:347:13:InitAudioBuffer	16	static
../Core/Src/freertos.c:354:13:DispatchAlarmEvent	24	static
../Core/Src/freertos.c:374:13:AnalyzeAudioFrame	24	static
../Core/Src/freertos.c:407:13:InitAlarmWaveform	24	static
../Core/Src/freertos.c:420:17:CalculateFrameEnergy	32	static
../Core/Src/freertos.c:438:26:StartAlarmOutput	24	static
../Core/Src/freertos.c:462:13:StopAlarmOutput	8	static
../Core/Src/freertos.c:470:13:DebugPrint	144	static
../Core/Src/freertos.c:496:6:HAL_DFSDM_FilterRegConvHalfCpltCallback	24	static,ignoring_inline_asm
../Core/Src/freertos.c:523:6:HAL_DFSDM_FilterRegConvCpltCallback	24	static,ignoring_inline_asm
