../Core/Src/freertos.c:109:6:vApplicationStackOverflowHook	16	static
../Core/Src/freertos.c:127:6:vApplicationGetIdleTaskMemory	24	static
../Core/Src/freertos.c:140:6:MX_FREERTOS_Init	112	static,ignoring_inline_asm
../Core/Src/freertos.c:195:6:AudioProcessingTask	24	static
../Core/Src/freertos.c:242:6:AlarmTask	40	static
../Core/Src/freertos.c:288:6:MotionTask	48	static
../Core/Src/freertos.c:329:13:DispatchAlarmEvent	24	static
../Core/Src/freertos.c:348:13:AnalyzeAudioFrame	80	static
../Core/Src/freertos.c:381:13:InitAlarmWaveform	24	static
../Core/Src/freertos.c:394:17:CalculateFrameEnergy	56	static
../Core/Src/freertos.c:408:26:StartAlarmOutput	24	static
../Core/Src/freertos.c:432:13:StopAlarmOutput	8	static
../Core/Src/freertos.c:440:13:DebugPrint	144	static
../Core/Src/freertos.c:466:6:HAL_DFSDM_FilterRegConvHalfCpltCallback	24	static,ignoring_inline_asm
../Core/Src/freertos.c:493:6:HAL_DFSDM_FilterRegConvCpltCallback	24	static,ignoring_inline_asm
