../Core/Src/main.c:103:6:HAL_GPIO_EXTI_Callback	16	static
../Core/Src/main.c:141:5:main	72	static
../Core/Src/main.c:226:6:SystemClock_Config	96	static
../Core/Src/main.c:277:13:MX_I2C2_Init	8	static
../Core/Src/main.c:325:13:MX_OCTOSPI1_Init	8	static
../Core/Src/main.c:364:13:MX_GPIO_Init	48	static
../Core/Src/main.c:472:6:StartSensorWriterTracker	16	static
../Core/Src/main.c:536:6:toggleLed	4	static
../Core/Src/main.c:545:6:StartLEDblinker	16	static
../Core/Src/main.c:574:6:HAL_TIM_PeriodElapsedCallback	16	static
../Core/Src/main.c:592:6:Error_Handler	8	static,ignoring_inline_asm
