../Core/Src/main.c:103:6:HAL_GPIO_EXTI_Callback	16	static
../Core/Src/main.c:140:5:main	72	static
../Core/Src/main.c:225:6:SystemClock_Config	96	static
../Core/Src/main.c:276:13:MX_I2C2_Init	8	static
../Core/Src/main.c:324:13:MX_OCTOSPI1_Init	8	static
../Core/Src/main.c:363:13:MX_GPIO_Init	48	static
../Core/Src/main.c:471:6:StartSensorWriterTracker	16	static
../Core/Src/main.c:535:6:toggleLed	4	static
../Core/Src/main.c:544:6:StartLEDblinker	16	static
../Core/Src/main.c:573:6:HAL_TIM_PeriodElapsedCallback	16	static
../Core/Src/main.c:591:6:Error_Handler	8	static,ignoring_inline_asm
